<?xml version="1.0" encoding="utf-8"?>
<TestRun id="89b6155a-86ae-46e4-a4aa-a9a5d2b35c81" name="@audit-host 2026-09-27 03:21:32" xmlns="http://microsoft.com/schemas/VisualStudio/TeamTest/2010">
  <Times creation="2026-09-27T03:21:32.6119030+03:00" queuing="2026-09-27T03:21:32.6119030+03:00" start="2026-09-27T03:21:32.0052300+03:00" finish="2026-09-27T03:21:32.8075280+03:00" />
  <TestSettings name="default" id="87be5483-b3f5-4ba2-b95c-3ce925280325">
    <Deployment runDeploymentRoot="_audit-host_2026-09-27_03_21_32" />
  </TestSettings>
  <Results>
    <UnitTestResult executionId="7a6a8a89-b727-465d-8e7b-557b0fb5daad" testId="e2a1935b-6d2b-b58a-a4fa-f70c3d0d8ddb" testName="StructuredJson.Tests.StructuredJsonEdgeCaseTests.ArrayHandling_SparseArrayWithLargeGaps_HandlesCorrectly" computerName="audit-host" duration="00:00:00.0003030" startTime="2026-09-27T03:21:32.6689130+03:00" endTime="2026-09-27T03:21:32.6689130+03:00" testType="13cdc9d9-ddb5-4fa4-a97d-d965ccfc6d4b" outcome="Passed" testListId="8c84fa94-04c1-424b-9868-57a2d4851a1d" relativeResultsDirectory="7a6a8a89-b727-465d-8e7b-557b0fb5daad" />
    <UnitTestResult executionId="c9df74a4-d9b6-4fe8-bd6d-8da59a4b5359" testId="a62ea0d0-00ae-3635-0c80-d306d4968001" testName="StructuredJson.Tests.StructuredJsonEdgeCaseTests.ArrayHandling_RemoveMiddleElement_ShiftsIndices" computerName="audit-host" duration="00:00:00.0001695" startTime="2026-09-27T03:21:32.6515210+03:00" endTime="2026-09-27T03:21:32.6515210+03:00" testType="13cdc9d9-ddb5-4fa4-a97d-d965ccfc6d4b" outcome="Passed" testListId="8c84fa94-04c1-424b-9868-57a2d4851a1d" relativeResultsDirectory="c9df74a4-d9b6-4fe8-bd6d-8da59a4b5359" />
    <UnitTestResult executionId="36d37930-d5e4-422c-97d7-55bf4a7932b0" testId="c5364170-6ea9-a735-135c-d0ca82cb3556" testName="StructuredJson.Tests.StructuredJsonEdgeCaseTests.DataTypes_ComplexObjects_HandlesCorrectly" computerName="audit-host" duration="00:00:00.0027978" startTime="2026-09-27T03:21:32.6332290+03:00" endTime="2026-09-27T03:21:32.6332290+03:00" testType="13cdc9d9-ddb5-4fa4-a97d-d965ccfc6d4b" outcome="Passed" testListId="8c84fa94-04c1-424b-9868-57a2d4851a1d" relativeResultsDirectory="36d37930-d5e4-422c-97d7-55bf4a7932b0" />
    <UnitTestResult executionId="01686286-6b80-44a1-aff9-eb93e2180822" testId="a14bb3ad-97b6-d535-8baf-73d14fd4b791" testName="StructuredJson.Tests.StructuredJsonTests.OverwriteObjectWithPrimitive_ReplacesCorrectly" computerName="audit-host" duration="00:00:00.0000820" startTime="2026-09-27T03:21:32.6330930+03:00" endTime="2026-09-27T03:21:32.6330930+03:00" testType="13cdc9d9-ddb5-4fa4-a97d-d965ccfc6d4b" outcome="Passed" testListId="8c84fa94-04c1-424b-9868-57a2d4851a1d" relativeResultsDirectory="01686286-6b80-44a1-aff9-eb93e2180822" />
    <UnitTestResult executionId="908f279b-5624-4514-ada3-d9d7d4b7495b" testId="71015e64-3ba4-e9e4-5527-f30cfc4e5f1d" testName="StructuredJson.Tests.StructuredJsonTests.HasPath_NonExistingPath_ReturnsFalse" computerName="audit-host" duration="00:00:00.0004215" startTime="2026-09-27T03:21:32.5919600+03:00" endTime="2026-09-27T03:21:32.5919600+03:00" testType="13cdc9d9-ddb5-4fa4-a97d-d965ccfc6d4b" outcome="Passed" testListId="8c84fa94-04c1-424b-9868-57a2d4851a1d" relativeResultsDirectory="908f279b-5624-4514-ada3-d9d7d4b7495b" />
    <UnitTestResult executionId="5d99ecca-baaf-4e8e-a27a-b6510ac05b27" testId="36a5b215-e9ec-c645-a655-891ff67ff6b6" testName="StructuredJson.Tests.StructuredJsonTests.HasPath_NullOrEmptyPath_ReturnsFalse" computerName="audit-host" duration="00:00:00.0000268" startTime="2026-09-27T03:21:32.6313120+03:00" endTime="2026-09-27T03:21:32.6313120+03:00" testType="13cdc9d9-ddb5-4fa4-a97d-d965ccfc6d4b" outcome="Passed" testListId="8c84fa94-04c1-424b-9868-57a2d4851a1d" relativeResultsDirectory="5d99ecca-baaf-4e8e-a27a-b6510ac05b27" />
    <UnitTestResult executionId="f9753711-b513-4f22-b4a7-c3a79beceb9b" testId="d9c52179-8910-ca0f-f7c6-3683f5064169" testName="StructuredJson.Tests.StructuredJsonTests.Set_SimpleProperty_SetsValueCorrectly" computerName="audit-host" duration="00:00:00.0000464" startTime="2026-09-27T03:21:32.5921430+03:00" endTime="2026-09-27T03:21:32.5921430+03:00" testType="13cdc9d9-ddb5-4fa4-a97d-d965ccfc6d4b" outcome="Passed" testListId="8c84fa94-04c1-424b-9868-57a2d4851a1d" relativeResultsDirectory="f9753711-b513-4f22-b4a7-c3a79beceb9b" />
    <UnitTestResult executionId="d0717ce2-0ad7-4d76-8ecb-bf7fc2a4f716" testId="be762d3a-1725-bd3e-bbc7-b7eec1c242f8" testName="StructuredJson.Tests.StructuredJsonEdgeCaseTests.JsonSerialization_MalformedJson_ThrowsException" computerName="audit-host" duration="00:00:00.0010849" startTime="2026-09-27T03:21:32.6685630+03:00" endTime="2026-09-27T03:21:32.6685630+03:00" testType="13cdc9d9-ddb5-4fa4-a97d-d965ccfc6d4b" outcome="Passed" testListId="8c84fa94-04c1-424b-9868-57a2d4851a1d" relativeResultsDirectory="d0717ce2-0ad7-4d76-8ecb-bf7fc2a4f716" />
    <UnitTestResult executionId="61efa2cf-75b3-4d5a-8618-7f6181f6ecdb" testId="6414f5ee-6d37-82bc-4eb2-7e05757f20b7" testName="StructuredJson.Tests.StructuredJsonTests.PathParsing_SpecialCharacters_HandlesCorrectly" computerName="audit-host" duration="00:00:00.0001014" startTime="2026-09-27T03:21:32.5998660+03:00" endTime="2026-09-27T03:21:32.5998660+03:00" testType="13cdc9d9-ddb5-4fa4-a97d-d965ccfc6d4b" outcome="Passed" testListId="8c84fa94-04c1-424b-9868-57a2d4851a1d" relativeResultsDirectory="61efa2cf-75b3-4d5a-8618-7f6181f6ecdb" />
    <UnitTestResult executionId="8d660016-68fc-4935-b772-2f85d9f3a1eb" testId="3b9a4e20-fb0c-1cce-f122-e571c3198444" testName="StructuredJson.Tests.StructuredJsonTests.Set_NestedArrayProperty_CreatesComplexStructure" computerName="audit-host" duration="00:00:00.0000910" startTime="2026-09-27T03:21:32.6319460+03:00" endTime="2026-09-27T03:21:32.6319460+03:00" testType="13cdc9d9-ddb5-4fa4-a97d-d965ccfc6d4b" outcome="Passed" testListId="8c84fa94-04c1-424b-9868-57a2d4851a1d" relativeResultsDirectory="8d660016-68fc-4935-b772-2f85d9f3a1eb" />
    <UnitTestResult executionId="3641148e-b518-432b-a3f3-2e392cbd37e8" testId="f9134992-03ce-f900-cd20-39aaca80af8d" testName="StructuredJson.Tests.StructuredJsonEdgeCaseTests.PathParsing_InvalidArrayIndex_ThrowsOrHandlesGracefully" computerName="audit-host" duration="00:00:00.0000886" startTime="2026-09-27T03:21:32.6756210+03:00" endTime="2026-09-27T03:21:32.6756210+03:00" testType="13cdc9d9-ddb5-4fa4-a97d-d965ccfc6d4b" outcome="Passed" testListId="8c84fa94-04c1-424b-9868-57a2d4851a1d" relativeResultsDirectory="3641148e-b518-432b-a3f3-2e392cbd37e8" />
    <UnitTestResult executionId="7dadd8ba-6e48-4007-9e9a-8f64688a1ab2" testId="20c510a7-5248-fc36-74e7-605455f37208" testName="StructuredJson.Tests.StructuredJsonTests.Remove_NonExistingPath_ReturnsFalse" computerName="audit-host" duration="00:00:00.0000699" startTime="2026-09-27T03:21:32.6020490+03:00" endTime="2026-09-27T03:21:32.6020490+03:00" testType="13cdc9d9-ddb5-4fa4-a97d-d965ccfc6d4b" outcome="Passed" testListId="8c84fa94-04c1-424b-9868-57a2d4851a1d" relativeResultsDirectory="7dadd8ba-6e48-4007-9e9a-8f64688a1ab2" />
    <UnitTestResult executionId="e7ff1672-d362-4762-ac86-a01be1806e9e" testId="1e8a71fd-e6e8-717e-3877-746459172285" testName="StructuredJson.Tests.StructuredJsonEdgeCaseTests.BoundaryConditions_EmptyAndWhitespaceKeys_HandlesCorrectly" computerName="audit-host" duration="00:00:00.0000775" startTime="2026-09-27T03:21:32.6766490+03:00" endTime="2026-09-27T03:21:32.6766490+03:00" testType="13cdc9d9-ddb5-4fa4-a97d-d965ccfc6d4b" outcome="Passed" testListId="8c84fa94-04c1-424b-9868-57a2d4851a1d" relativeResultsDirectory="e7ff1672-d362-4762-ac86-a01be1806e9e" />
    <UnitTestResult executionId="3c79a233-6a75-4525-b99f-463397fc4855" testId="7b25ee8f-49f9-6852-4b3c-e5a3bfac1eb5" testName="StructuredJson.Tests.StructuredJsonTests.Get_NonExistingPath_ReturnsNull" computerName="audit-host" duration="00:00:00.0041785" startTime="2026-09-27T03:21:32.5742360+03:00" endTime="2026-09-27T03:21:32.5742450+03:00" testType="13cdc9d9-ddb5-4fa4-a97d-d965ccfc6d4b" outcome="Passed" testListId="8c84fa94-04c1-424b-9868-57a2d4851a1d" relativeResultsDirectory="3c79a233-6a75-4525-b99f-463397fc4855" />
    <UnitTestResult executionId="8eade6cd-0087-4292-b93c-d9df61020be1" testId="4262a65e-de67-6dab-c1a7-1c74b67bd75f" testName="StructuredJson.Tests.StructuredJsonTests.Set_ArrayProperty_CreatesArrayStructure" computerName="audit-host" duration="00:00:00.0001103" startTime="2026-09-27T03:21:32.6304260+03:00" endTime="2026-09-27T03:21:32.6304260+03:00" testType="13cdc9d9-ddb5-4fa4-a97d-d965ccfc6d4b" outcome="Passed" testListId="8c84fa94-04c1-424b-9868-57a2d4851a1d" relativeResultsDirectory="8eade6cd-0087-4292-b93c-d9df61020be1" />
    <UnitTestResult executionId="5a68f4c3-4949-4bc9-be71-e11aed559f7d" testId="2eccfaea-d959-0f69-262d-ba092ccaa52d" testName="StructuredJson.Tests.StructuredJsonTests.Constructor_InvalidJsonString_ThrowsArgumentException" computerName="audit-host" duration="00:00:00.0017361" startTime="2026-09-27T03:21:32.6018670+03:00" endTime="2026-09-27T03:21:32.6018670+03:00" testType="13cdc9d9-ddb5-4fa4-a97d-d965ccfc6d4b" outcome="Passed" testListId="8c84fa94-04c1-424b-9868-57a2d4851a1d" relativeResultsDirectory="5a68f4c3-4949-4bc9-be71-e11aed559f7d" />
    <UnitTestResult executionId="e7c1e59f-e75a-49c6-b243-5f1d66efbbbc" testId="5a9ae6c6-86f8-c287-0eb3-7508cb61b6d9" testName="StructuredJson.Tests.StructuredJsonTests.ToJson_SimpleStructure_ReturnsCorrectJson" computerName="audit-host" duration="00:00:00.0005717" startTime="2026-09-27T03:21:32.6335860+03:00" endTime="2026-09-27T03:21:32.6335860+03:00" testType="13cdc9d9-ddb5-4fa4-a97d-d965ccfc6d4b" outcome="Passed" testListId="8c84fa94-04c1-424b-9868-57a2d4851a1d" relativeResultsDirectory="e7c1e59f-e75a-49c6-b243-5f1d66efbbbc" />
    <UnitTestResult executionId="0e7dd86c-bf37-4c3c-9feb-942e556ebc73" testId="b93df99b-24c7-fdfe-e98d-9b34ecabfae9" testName="StructuredJson.Tests.StructuredJsonEdgeCaseTests.PathParsing_MultipleArrayIndices_ThrowsOrHandlesGracefully" computerName="audit-host" duration="00:00:00.0001609" startTime="2026-09-27T03:21:32.6779540+03:00" endTime="2026-09-27T03:21:32.6779540+03:00" testType="13cdc9d9-ddb5-4fa4-a97d-d965ccfc6d4b" outcome="Passed" testListId="8c84fa94-04c1-424b-9868-57a2d4851a1d" relativeResultsDirectory="0e7dd86c-bf37-4c3c-9feb-942e556ebc73" />
    <UnitTestResult executionId="2878d46e-fb96-4e61-ba94-51a395deaa10" testId="613f9b87-6a44-587f-d9e6-a7cb8238f530" testName="StructuredJson.Tests.StructuredJsonTests.Get_ExistingPath_ReturnsCorrectValue" computerName="audit-host" duration="00:00:00.0000578" startTime="2026-09-27T03:21:32.5788600+03:00" endTime="2026-09-27T03:21:32.5788600+03:00" testType="13cdc9d9-ddb5-4fa4-a97d-d965ccfc6d4b" outcome="Passed" testListId="8c84fa94-04c1-424b-9868-57a2d4851a1d" relativeResultsDirectory="2878d46e-fb96-4e61-ba94-51a395deaa10" />
    <UnitTestResult executionId="10dc00c9-8297-4486-8f1d-201b55d422d1" testId="1b938377-9ed3-454a-b27b-ad01b90e3d47" testName="StructuredJson.Tests.StructuredJsonEdgeCaseTests.JsonSerialization_EmptyJsonObjects_HandlesCorrectly" computerName="audit-host" duration="00:00:00.0003550" startTime="2026-09-27T03:21:32.6761070+03:00" endTime="2026-09-27T03:21:32.6761070+03:00" testType="13cdc9d9-ddb5-4fa4-a97d-d965ccfc6d4b" outcome="Passed" testListId="8c84fa94-04c1-424b-9868-57a2d4851a1d" relativeResultsDirectory="10dc00c9-8297-4486-8f1d-201b55d422d1" />
    <UnitTestResult executionId="39d73f36-00b1-427f-80c8-d1aabae4259c" testId="823069dc-e30b-551a-c2d2-03ac23212032" testName="StructuredJson.Tests.StructuredJsonEdgeCaseTests.JsonSerialization_MixedQuotedUnquotedKeys_HandlesCorrectly" computerName="audit-host" duration="00:00:00.0002316" startTime="2026-09-27T03:21:32.6759010+03:00" endTime="2026-09-27T03:21:32.6759010+03:00" testType="13cdc9d9-ddb5-4fa4-a97d-d965ccfc6d4b" outcome="Passed" testListId="8c84fa94-04c1-424b-9868-57a2d4851a1d" relativeResultsDirectory="39d73f36-00b1-427f-80c8-d1aabae4259c" />
    <UnitTestResult executionId="a588153f-8c3c-492e-a1b0-7e3d99dfe7c4" testId="68d14aab-e609-c91c-cd52-ee41a6bab343" testName="StructuredJson.Tests.StructuredJsonEdgeCaseTests.DataTypes_BooleanValues_HandlesCorrectly" computerName="audit-host" duration="00:00:00.0000807" startTime="2026-09-27T03:21:32.6757640+03:00" endTime="2026-09-27T03:21:32.6757640+03:00" testType="13cdc9d9-ddb5-4fa4-a97d-d965ccfc6d4b" outcome="Passed" testListId="8c84fa94-04c1-424b-9868-57a2d4851a1d" relativeResultsDirectory="a588153f-8c3c-492e-a1b0-7e3d99dfe7c4" />
    <UnitTestResult executionId="40d255e8-2ac2-4809-8d82-0cbf2165b253" testId="8873b6c7-2bd7-2eb1-ba6c-62ff79bc15a7" testName="StructuredJson.Tests.StructuredJsonEdgeCaseTests.JsonSerialization_SingleQuotedKeys_HandlesCorrectly" computerName="audit-host" duration="00:00:00.0005854" startTime="2026-09-27T03:21:32.6518290+03:00" endTime="2026-09-27T03:21:32.6518290+03:00" testType="13cdc9d9-ddb5-4fa4-a97d-d965ccfc6d4b" outcome="Passed" testListId="8c84fa94-04c1-424b-9868-57a2d4851a1d" relativeResultsDirectory="40d255e8-2ac2-4809-8d82-0cbf2165b253" />
    <UnitTestResult executionId="7e8476c0-95e8-426e-9ac3-74d33e00e900" testId="fe702200-cf02-c246-ed7a-9482292e47c1" testName="StructuredJson.Tests.StructuredJsonEdgeCaseTests.JsonSerialization_UnquotedKeys_DemonstratesBehavior" computerName="audit-host" duration="00:00:00.0005570" startTime="2026-09-27T03:21:32.6776970+03:00" endTime="2026-09-27T03:21:32.6776970+03:00" testType="13cdc9d9-ddb5-4fa4-a97d-d965ccfc6d4b" outcome="Passed" testListId="8c84fa94-04c1-424b-9868-57a2d4851a1d" relativeResultsDirectory="7e8476c0-95e8-426e-9ac3-74d33e00e900" />
    <UnitTestResult executionId="4725bbc6-d641-4141-9d28-b8e1d1c2d95e" testId="2579d7c8-4efb-93ed-2772-770327a83784" testName="StructuredJson.Tests.StructuredJsonEdgeCaseTests.JsonSerialization_RoundTripWithComplexData_MaintainsIntegrity" computerName="audit-host" duration="00:00:00.0273061" startTime="2026-09-27T03:21:32.6297520+03:00" endTime="2026-09-27T03:21:32.6297520+03:00" testType="13cdc9d9-ddb5-4fa4-a97d-d965ccfc6d4b" outcome="Passed" testListId="8c84fa94-04c1-424b-9868-57a2d4851a1d" relativeResultsDirectory="4725bbc6-d641-4141-9d28-b8e1d1c2d95e" />
    <UnitTestResult executionId="286c8dba-af85-4801-8f7c-6d785bbb6553" testId="3cc555a8-5082-819a-04d7-ff46048544b5" testName="StructuredJson.Tests.StructuredJsonEdgeCaseTests.ArrayHandling_NestedArrays_HandlesCorrectly" computerName="audit-host" duration="00:00:00.0001110" startTime="2026-09-27T03:21:32.6836380+03:00" endTime="2026-09-27T03:21:32.6836380+03:00" testType="13cdc9d9-ddb5-4fa4-a97d-d965ccfc6d4b" outcome="Passed" testListId="8c84fa94-04c1-424b-9868-57a2d4851a1d" relativeResultsDirectory="286c8dba-af85-4801-8f7c-6d785bbb6553" />
    <UnitTestResult executionId="5a05e3f3-7a95-4a7e-a0d1-81b4bc472b04" testId="f8e9b055-0863-1e6b-03ef-088d591709cc" testName="StructuredJson.Tests.StructuredJsonTests.Constructor_ValidJsonString_ParsesCorrectly" computerName="audit-host" duration="00:00:00.0000735" startTime="2026-09-27T03:21:32.6249560+03:00" endTime="2026-09-27T03:21:32.6249560+03:00" testType="13cdc9d9-ddb5-4fa4-a97d-d965ccfc6d4b" outcome="Passed" testListId="8c84fa94-04c1-424b-9868-57a2d4851a1d" relativeResultsDirectory="5a05e3f3-7a95-4a7e-a0d1-81b4bc472b04" />
    <UnitTestResult executionId="5115ca12-141f-4a8d-ab56-15e233036a34" testId="f408f557-6b6d-2024-9f5f-eff1794a2d02" testName="StructuredJson.Tests.StructuredJsonTests.Remove_ExistingPath_RemovesAndReturnsTrue" computerName="audit-host" duration="00:00:00.0000656" startTime="2026-09-27T03:21:32.6322260+03:00" endTime="2026-09-27T03:21:32.6322260+03:00" testType="13cdc9d9-ddb5-4fa4-a97d-d965ccfc6d4b" outcome="Passed" testListId="8c84fa94-04c1-424b-9868-57a2d4851a1d" relativeResultsDirectory="5115ca12-141f-4a8d-ab56-15e233036a34" />
    <UnitTestResult executionId="1783ff5e-3201-453e-b127-6531603af891" testId="2b0f11c5-6e8b-bd44-5f51-eba47d23d219" testName="StructuredJson.Tests.StructuredJsonTests.GetGeneric_ExistingPath_ReturnsTypedValue" computerName="audit-host" duration="00:00:00.0000780" startTime="2026-09-27T03:21:32.6327520+03:00" endTime="2026-09-27T03:21:32.6327520+03:00" testType="13cdc9d9-ddb5-4fa4-a97d-d965ccfc6d4b" outcome="Passed" testListId="8c84fa94-04c1-424b-9868-57a2d4851a1d" relativeResultsDirectory="1783ff5e-3201-453e-b127-6531603af891" />
    <UnitTestResult executionId="2bf74927-2162-44a3-b6ac-5ffd3014cf7c" testId="a37ef308-5bf8-e5d3-d3ea-ff18ed1b8844" testName="StructuredJson.Tests.StructuredJsonTests.ArrayHandling_SparseArray_FillsWithNulls" computerName="audit-host" duration="00:00:00.0016254" startTime="2026-09-27T03:21:32.5911560+03:00" endTime="2026-09-27T03:21:32.5911560+03:00" testType="13cdc9d9-ddb5-4fa4-a97d-d965ccfc6d4b" outcome="Passed" testListId="8c84fa94-04c1-424b-9868-57a2d4851a1d" relativeResultsDirectory="2bf74927-2162-44a3-b6ac-5ffd3014cf7c" />
    <UnitTestResult executionId="a7cd3be5-1d8f-4227-bf8d-045fbbb727fd" testId="ed789f75-2dcf-1a6f-7750-94dfe8f8a423" testName="StructuredJson.Tests.StructuredJsonTests.JsonRoundTrip_ComplexStructure_MaintainsData" computerName="audit-host" duration="00:00:00.0227368" startTime="2026-09-27T03:21:32.6247350+03:00" endTime="2026-09-27T03:21:32.6247350+03:00" testType="13cdc9d9-ddb5-4fa4-a97d-d965ccfc6d4b" outcome="Passed" testListId="8c84fa94-04c1-424b-9868-57a2d4851a1d" relativeResultsDirectory="a7cd3be5-1d8f-4227-bf8d-045fbbb727fd" />
    <UnitTestResult executionId="e121406b-4019-4e3a-a71a-82b510197e13" testId="b0d0a89c-ee92-3ca6-eeea-f90f8de0ba87" testName="StructuredJson.Tests.StructuredJsonTests.ListPaths_ComplexStructure_ReturnsAllPaths" computerName="audit-host" duration="00:00:00.0000807" startTime="2026-09-27T03:21:32.5922870+03:00" endTime="2026-09-27T03:21:32.5922870+03:00" testType="13cdc9d9-ddb5-4fa4-a97d-d965ccfc6d4b" outcome="Passed" testListId="8c84fa94-04c1-424b-9868-57a2d4851a1d" relativeResultsDirectory="e121406b-4019-4e3a-a71a-82b510197e13" />
    <UnitTestResult executionId="9c4495a8-3b18-40ae-8665-bd5547057c3a" testId="4796496a-da2d-8d25-03e0-1f904838d4f1" testName="StructuredJson.Tests.StructuredJsonTests.Set_NullOrEmptyPath_ThrowsArgumentException" computerName="audit-host" duration="00:00:00.0002430" startTime="2026-09-27T03:21:32.6316040+03:00" endTime="2026-09-27T03:21:32.6316040+03:00" testType="13cdc9d9-ddb5-4fa4-a97d-d965ccfc6d4b" outcome="Passed" testListId="8c84fa94-04c1-424b-9868-57a2d4851a1d" relativeResultsDirectory="9c4495a8-3b18-40ae-8665-bd5547057c3a" />
    <UnitTestResult executionId="f2ad61df-3024-4c35-a24e-83dc7fc47309" testId="d61dcc8c-1d5d-c10f-7ac0-5439750e232f" testName="StructuredJson.Tests.StructuredJsonEdgeCaseTests.TypeConversion_InvalidConversion_ReturnsDefault" computerName="audit-host" duration="00:00:00.0061060" startTime="2026-09-27T03:21:32.6750390+03:00" endTime="2026-09-27T03:21:32.6750390+03:00" testType="13cdc9d9-ddb5-4fa4-a97d-d965ccfc6d4b" outcome="Passed" testListId="8c84fa94-04c1-424b-9868-57a2d4851a1d" relativeResultsDirectory="f2ad61df-3024-4c35-a24e-83dc7fc47309" />
    <UnitTestResult executionId="3a4baf39-7890-4aac-bc5a-a26159d8afd0" testId="812be9b7-0011-5dcd-ced1-048f51c12c48" testName="StructuredJson.Tests.StructuredJsonEdgeCaseTests.TypeConversion_StringToNumber_HandlesCorrectly" computerName="audit-host" duration="00:00:00.0003814" startTime="2026-09-27T03:21:32.6772670+03:00" endTime="2026-09-27T03:21:32.6772670+03:00" testType="13cdc9d9-ddb5-4fa4-a97d-d965ccfc6d4b" outcome="Passed" testListId="8c84fa94-04c1-424b-9868-57a2d4851a1d" relativeResultsDirectory="3a4baf39-7890-4aac-bc5a-a26159d8afd0" />
    <UnitTestResult executionId="24cd7d3d-d932-4fb3-a97b-4b460ebb71d5" testId="83d06e93-ce4e-9b35-7030-741131143ef1" testName="StructuredJson.Tests.StructuredJsonTests.GetGeneric_NonExistingPath_ReturnsDefault" computerName="audit-host" duration="00:00:00.0000439" startTime="2026-09-27T03:21:32.6329310+03:00" endTime="2026-09-27T03:21:32.6329310+03:00" testType="13cdc9d9-ddb5-4fa4-a97d-d965ccfc6d4b" outcome="Passed" testListId="8c84fa94-04c1-424b-9868-57a2d4851a1d" relativeResultsDirectory="24cd7d3d-d932-4fb3-a97b-4b460ebb71d5" />
    <UnitTestResult executionId="f35887cf-c715-43e0-a656-88b7924d1a91" testId="57f6fbf3-7375-0377-cf59-cfb90ad112d5" testName="StructuredJson.Tests.StructuredJsonEdgeCaseTests.BoundaryConditions_MaxPathLength_HandlesCorrectly" computerName="audit-host" duration="00:00:00.0005550" startTime="2026-09-27T03:21:32.5793270+03:00" endTime="2026-09-27T03:21:32.5793270+03:00" testType="13cdc9d9-ddb5-4fa4-a97d-d965ccfc6d4b" outcome="Passed" testListId="8c84fa94-04c1-424b-9868-57a2d4851a1d" relativeResultsDirectory="f35887cf-c715-43e0-a656-88b7924d1a91" />
    <UnitTestResult executionId="98fe16aa-c359-42ff-be9c-5d3344d3059b" testId="43ab37ad-648d-bf63-f40a-541fe12de137" testName="StructuredJson.Tests.StructuredJsonTests.ToJson_ComplexStructure_ReturnsCorrectJson" computerName="audit-host" duration="00:00:00.0006958" startTime="2026-09-27T03:21:32.6311110+03:00" endTime="2026-09-27T03:21:32.6311110+03:00" testType="13cdc9d9-ddb5-4fa4-a97d-d965ccfc6d4b" outcome="Passed" testListId="8c84fa94-04c1-424b-9868-57a2d4851a1d" relativeResultsDirectory="98fe16aa-c359-42ff-be9c-5d3344d3059b" />
    <UnitTestResult executionId="8acbc5dc-19d5-47cf-b9d3-936a41b00bf7" testId="89b733a2-4d9d-012c-d611-fb9f62464cd4" testName="StructuredJson.Tests.StructuredJsonTests.ComplexScenario_UserWithMultipleAddresses_WorksCorrectly" computerName="audit-host" duration="00:00:00.0053416" startTime="2026-09-27T03:21:32.6301940+03:00" endTime="2026-09-27T03:21:32.6301940+03:00" testType="13cdc9d9-ddb5-4fa4-a97d-d965ccfc6d4b" outcome="Passed" testListId="8c84fa94-04c1-424b-9868-57a2d4851a1d" relativeResultsDirectory="8acbc5dc-19d5-47cf-b9d3-936a41b00bf7" />
    <UnitTestResult executionId="70bf2644-9189-4922-ab42-e71068515419" testId="6d294cc8-02f5-4abf-bf39-cc914fb13e48" testName="StructuredJson.Tests.StructuredJsonTests.Clear_WithData_RemovesAllData" computerName="audit-host" duration="00:00:00.0209622" startTime="2026-09-27T03:21:32.5996570+03:00" endTime="2026-09-27T03:21:32.5996570+03:00" testType="13cdc9d9-ddb5-4fa4-a97d-d965ccfc6d4b" outcome="Passed" testListId="8c84fa94-04c1-424b-9868-57a2d4851a1d" relativeResultsDirectory="70bf2644-9189-4922-ab42-e71068515419" />
    <UnitTestResult executionId="6c21dded-d538-449a-bd6d-fa38b7582f7a" testId="8031d8fd-8840-6dcf-1200-e9f6f183a876" testName="StructuredJson.Tests.StructuredJsonEdgeCaseTests.DataTypes_UnicodeCharacters_HandlesCorrectly" computerName="audit-host" duration="00:00:00.0000921" startTime="2026-09-27T03:21:32.6769550+03:00" endTime="2026-09-27T03:21:32.6769550+03:00" testType="13cdc9d9-ddb5-4fa4-a97d-d965ccfc6d4b" outcome="Passed" testListId="8c84fa94-04c1-424b-9868-57a2d4851a1d" relativeResultsDirectory="6c21dded-d538-449a-bd6d-fa38b7582f7a" />
    <UnitTestResult executionId="3ee3a976-ee7d-4ac4-b297-70bc12b632d7" testId="6268c4c7-8692-6990-b28d-d0f059bb516d" testName="StructuredJson.Tests.StructuredJsonEdgeCaseTests.PathParsing_NegativeArrayIndex_ThrowsOrHandlesGracefully" computerName="audit-host" duration="00:00:00.0003231" startTime="2026-09-27T03:21:32.6764590+03:00" endTime="2026-09-27T03:21:32.6764590+03:00" testType="13cdc9d9-ddb5-4fa4-a97d-d965ccfc6d4b" outcome="Passed" testListId="8c84fa94-04c1-424b-9868-57a2d4851a1d" relativeResultsDirectory="3ee3a976-ee7d-4ac4-b297-70bc12b632d7" />
    <UnitTestResult executionId="654d5e4c-eeb0-4428-bb92-3c6ed96bf1a0" testId="bc7f1bdf-5eb6-b63b-f7eb-7b3e59ff1570" testName="StructuredJson.Tests.StructuredJsonEdgeCaseTests.DataTypes_NullValues_HandlesCorrectly" computerName="audit-host" duration="00:00:00.0001082" startTime="2026-09-27T03:21:32.6025090+03:00" endTime="2026-09-27T03:21:32.6025090+03:00" testType="13cdc9d9-ddb5-4fa4-a97d-d965ccfc6d4b" outcome="Passed" testListId="8c84fa94-04c1-424b-9868-57a2d4851a1d" relativeResultsDirectory="654d5e4c-eeb0-4428-bb92-3c6ed96bf1a0" />
    <UnitTestResult executionId="0740f7b7-1692-4819-ad13-b8ab0ac70abb" testId="6361464d-672b-2929-3ddf-8b9b8cc21b24" testName="StructuredJson.Tests.StructuredJsonEdgeCaseTests.PathParsing_VeryLargeArrayIndex_HandlesCorrectly" computerName="audit-host" duration="00:00:00.0182956" startTime="2026-09-27T03:21:32.6510340+03:00" endTime="2026-09-27T03:21:32.6510340+03:00" testType="13cdc9d9-ddb5-4fa4-a97d-d965ccfc6d4b" outcome="Passed" testListId="8c84fa94-04c1-424b-9868-57a2d4851a1d" relativeResultsDirectory="0740f7b7-1692-4819-ad13-b8ab0ac70abb" />
    <UnitTestResult executionId="999550d2-af4c-475c-9d48-e122eeea8e2d" testId="6646f4aa-33a4-20c4-ec7c-7c6fbce1cc0f" testName="StructuredJson.Tests.StructuredJsonTests.ListPaths_SimpleStructure_ReturnsAllPaths" computerName="audit-host" duration="00:00:00.0018096" startTime="2026-09-27T03:21:32.5787040+03:00" endTime="2026-09-27T03:21:32.5787040+03:00" testType="13cdc9d9-ddb5-4fa4-a97d-d965ccfc6d4b" outcome="Passed" testListId="8c84fa94-04c1-424b-9868-57a2d4851a1d" relativeResultsDirectory="999550d2-af4c-475c-9d48-e122eeea8e2d" />
    <UnitTestResult executionId="a4195e32-4c7d-4df5-b722-f39da3519ff2" testId="1a8a52f1-c2de-ae4a-9a83-c623e51a5cf9" testName="StructuredJson.Tests.StructuredJsonEdgeCaseTests.Performance_LargeArrayOperations_HandlesCorrectly" computerName="audit-host" duration="00:00:00.0021557" startTime="2026-09-27T03:21:32.6830220+03:00" endTime="2026-09-27T03:21:32.6830220+03:00" testType="13cdc9d9-ddb5-4fa4-a97d-d965ccfc6d4b" outcome="Passed" testListId="8c84fa94-04c1-424b-9868-57a2d4851a1d" relativeResultsDirectory="a4195e32-4c7d-4df5-b722-f39da3519ff2" />
    <UnitTestResult executionId="ee8c8043-ee86-42e3-8913-a4b9cf827ec4" testId="3615775b-391b-6d5a-21a7-be4374d1d6a9" testName="StructuredJson.Tests.StructuredJsonEdgeCaseTests.PathParsing_SpecialCharactersInPropertyNames_HandlesCorrectly" computerName="audit-host" duration="00:00:00.0001181" startTime="2026-09-27T03:21:32.6023640+03:00" endTime="2026-09-27T03:21:32.6023640+03:00" testType="13cdc9d9-ddb5-4fa4-a97d-d965ccfc6d4b" outcome="Passed" testListId="8c84fa94-04c1-424b-9868-57a2d4851a1d" relativeResultsDirectory="ee8c8043-ee86-42e3-8913-a4b9cf827ec4" />
    <UnitTestResult executionId="46650d4a-cc6d-4df3-a2fe-b112bb211e99" testId="260161b9-8b39-34a1-6a77-2a1bf2870c3c" testName="StructuredJson.Tests.StructuredJsonEdgeCaseTests.DataTypes_DateTimeValues_HandlesCorrectly" computerName="audit-host" duration="00:00:00.0005136" startTime="2026-09-27T03:21:32.5915240+03:00" endTime="2026-09-27T03:21:32.5915250+03:00" testType="13cdc9d9-ddb5-4fa4-a97d-d965ccfc6d4b" outcome="Passed" testListId="8c84fa94-04c1-424b-9868-57a2d4851a1d" relativeResultsDirectory="46650d4a-cc6d-4df3-a2fe-b112bb211e99" />
    <UnitTestResult executionId="fdcce083-a4b2-411f-b524-74be3987b4ff" testId="9d6ae6b4-f2a6-2a7e-afda-101b1997874a" testName="StructuredJson.Tests.StructuredJsonEdgeCaseTests.PathParsing_WhitespaceInPaths_HandlesCorrectly" computerName="audit-host" duration="00:00:00.0000945" startTime="2026-09-27T03:21:32.6834350+03:00" endTime="2026-09-27T03:21:32.6834360+03:00" testType="13cdc9d9-ddb5-4fa4-a97d-d965ccfc6d4b" outcome="Passed" testListId="8c84fa94-04c1-424b-9868-57a2d4851a1d" relativeResultsDirectory="fdcce083-a4b2-411f-b524-74be3987b4ff" />
    <UnitTestResult executionId="ddc2e9d2-3b13-4fa2-af95-3acdc3a7ad92" testId="98de8aff-46c8-ae16-89ce-e13482b0534e" testName="StructuredJson.Tests.StructuredJsonEdgeCaseTests.ArrayHandling_ConvertArrayToObject_HandlesCorrectly" computerName="audit-host" duration="00:00:00.0000701" startTime="2026-09-27T03:21:32.6768040+03:00" endTime="2026-09-27T03:21:32.6768040+03:00" testType="13cdc9d9-ddb5-4fa4-a97d-d965ccfc6d4b" outcome="Passed" testListId="8c84fa94-04c1-424b-9868-57a2d4851a1d" relativeResultsDirectory="ddc2e9d2-3b13-4fa2-af95-3acdc3a7ad92" />
    <UnitTestResult executionId="e1f0515c-3b1b-4aab-a648-d62552de502e" testId="e061eeb5-6a13-a0eb-9e7e-391108155353" testName="StructuredJson.Tests.StructuredJsonEdgeCaseTests.DataTypes_LargeNumbers_HandlesCorrectly" computerName="audit-host" duration="00:00:00.0029191" startTime="2026-09-27T03:21:32.6808350+03:00" endTime="2026-09-27T03:21:32.6808350+03:00" testType="13cdc9d9-ddb5-4fa4-a97d-d965ccfc6d4b" outcome="Passed" testListId="8c84fa94-04c1-424b-9868-57a2d4851a1d" relativeResultsDirectory="e1f0515c-3b1b-4aab-a648-d62552de502e" />
    <UnitTestResult executionId="944d596b-7733-4c4d-b375-df73b9855d67" testId="c244fab6-a47f-965c-bf8d-f634bba88a7b" testName="StructuredJson.Tests.StructuredJsonTests.Get_NullOrEmptyPath_ThrowsArgumentException" computerName="audit-host" duration="00:00:00.0003088" startTime="2026-09-27T03:21:32.6007220+03:00" endTime="2026-09-27T03:21:32.6007220+03:00" testType="13cdc9d9-ddb5-4fa4-a97d-d965ccfc6d4b" outcome="Passed" testListId="8c84fa94-04c1-424b-9868-57a2d4851a1d" relativeResultsDirectory="944d596b-7733-4c4d-b375-df73b9855d67" />
    <UnitTestResult executionId="80365c9b-3e63-4984-a5f6-890ebfbe176f" testId="5f4e1794-3b3d-1ebc-f9e0-e699cece0f56" testName="StructuredJson.Tests.StructuredJsonEdgeCaseTests.DataTypes_EmptyStrings_HandlesCorrectly" computerName="audit-host" duration="00:00:00.0001107" startTime="2026-09-27T03:21:32.6336660+03:00" endTime="2026-09-27T03:21:32.6336660+03:00" testType="13cdc9d9-ddb5-4fa4-a97d-d965ccfc6d4b" outcome="Passed" testListId="8c84fa94-04c1-424b-9868-57a2d4851a1d" relativeResultsDirectory="80365c9b-3e63-4984-a5f6-890ebfbe176f" />
    <UnitTestResult executionId="5cb52f23-5178-41cd-a7e1-3845b4aeea3d" testId="20424d61-925e-2455-031d-80fdccb19de4" testName="StructuredJson.Tests.StructuredJsonTests.Remove_NullOrEmptyPath_ReturnsFalse" computerName="audit-host" duration="00:00:00.0000558" startTime="2026-09-27T03:21:32.6305820+03:00" endTime="2026-09-27T03:21:32.6305820+03:00" testType="13cdc9d9-ddb5-4fa4-a97d-d965ccfc6d4b" outcome="Passed" testListId="8c84fa94-04c1-424b-9868-57a2d4851a1d" relativeResultsDirectory="5cb52f23-5178-41cd-a7e1-3845b4aeea3d" />
    <UnitTestResult executionId="3fba3b4c-e735-4eed-9487-45659c99af4f" testId="82d375db-8060-25dd-5e3c-681ad0f22052" testName="StructuredJson.Tests.StructuredJsonEdgeCaseTests.Performance_ManyProperties_HandlesCorrectly" computerName="audit-host" duration="00:00:00.0155731" startTime="2026-09-27T03:21:32.6674540+03:00" endTime="2026-09-27T03:21:32.6674540+03:00" testType="13cdc9d9-ddb5-4fa4-a97d-d965ccfc6d4b" outcome="Passed" testListId="8c84fa94-04c1-424b-9868-57a2d4851a1d" relativeResultsDirectory="3fba3b4c-e735-4eed-9487-45659c99af4f" />
    <UnitTestResult executionId="241b5fb6-2164-48c9-9a2a-b08853d695c2" testId="925b4640-8b97-732a-a33b-006a589a9f35" testName="StructuredJson.Tests.StructuredJsonEdgeCaseTests.PathParsing_EmptyArrayIndex_ThrowsOrHandlesGracefully" computerName="audit-host" duration="00:00:00.0002117" startTime="2026-09-27T03:21:32.5791800+03:00" endTime="2026-09-27T03:21:32.5791800+03:00" testType="13cdc9d9-ddb5-4fa4-a97d-d965ccfc6d4b" outcome="Passed" testListId="8c84fa94-04c1-424b-9868-57a2d4851a1d" relativeResultsDirectory="241b5fb6-2164-48c9-9a2a-b08853d695c2" />
    <UnitTestResult executionId="f1b383d0-7c00-469a-80f4-8b9c6751fca7" testId="2e619be2-f6c2-d976-c812-ecbf666b1242" testName="StructuredJson.Tests.StructuredJsonTests.Set_NestedProperty_CreatesNestedStructure" computerName="audit-host" duration="00:00:00.0000669" startTime="2026-09-27T03:21:32.6320860+03:00" endTime="2026-09-27T03:21:32.6320860+03:00" testType="13cdc9d9-ddb5-4fa4-a97d-d965ccfc6d4b" outcome="Passed" testListId="8c84fa94-04c1-424b-9868-57a2d4851a1d" relativeResultsDirectory="f1b383d0-7c00-469a-80f4-8b9c6751fca7" />
    <UnitTestResult executionId="87f2f25d-10cf-4175-bf83-46dd6ba0ecac" testId="64f27c42-c33e-2479-ad45-713a7f7d3581" testName="StructuredJson.Tests.StructuredJsonTests.Constructor_EmptyConstructor_CreatesEmptyStructure" computerName="audit-host" duration="00:00:00.0000308" startTime="2026-09-27T03:21:32.6326070+03:00" endTime="2026-09-27T03:21:32.6326070+03:00" testType="13cdc9d9-ddb5-4fa4-a97d-d965ccfc6d4b" outcome="Passed" testListId="8c84fa94-04c1-424b-9868-57a2d4851a1d" relativeResultsDirectory="87f2f25d-10cf-4175-bf83-46dd6ba0ecac" />
    <UnitTestResult executionId="a16a7ed9-8028-4b52-a04d-52649f9ad99c" testId="6ecf6d02-44fa-72cb-ec35-086e508b1d10" testName="StructuredJson.Tests.StructuredJsonTests.HasPath_ExistingPath_ReturnsTrue" computerName="audit-host" duration="00:00:00.0000451" startTime="2026-09-27T03:21:32.6314600+03:00" endTime="2026-09-27T03:21:32.6314600+03:00" testType="13cdc9d9-ddb5-4fa4-a97d-d965ccfc6d4b" outcome="Passed" testListId="8c84fa94-04c1-424b-9868-57a2d4851a1d" relativeResultsDirectory="a16a7ed9-8028-4b52-a04d-52649f9ad99c" />
    <UnitTestResult executionId="83fb530b-ef75-4d38-bc21-c5d715440853" testId="65d1e315-1eee-a148-f39d-3118376b731a" testName="StructuredJson.Tests.StructuredJsonEdgeCaseTests.BoundaryConditions_VeryLongStringValues_HandlesCorrectly" computerName="audit-host" duration="00:00:00.0012348" startTime="2026-09-27T03:21:32.5924350+03:00" endTime="2026-09-27T03:21:32.5924350+03:00" testType="13cdc9d9-ddb5-4fa4-a97d-d965ccfc6d4b" outcome="Passed" testListId="8c84fa94-04c1-424b-9868-57a2d4851a1d" relativeResultsDirectory="83fb530b-ef75-4d38-bc21-c5d715440853" />
    <UnitTestResult executionId="16eebfad-6f9d-45db-b47b-6793f63392a0" testId="2a123db7-08bb-8a02-7295-22b7d05ea4de" testName="StructuredJson.Tests.StructuredJsonEdgeCaseTests.Performance_DeepNestedStructure_HandlesCorrectly" computerName="audit-host" duration="00:00:00.0002357" startTime="2026-09-27T03:21:32.6754750+03:00" endTime="2026-09-27T03:21:32.6754750+03:00" testType="13cdc9d9-ddb5-4fa4-a97d-d965ccfc6d4b" outcome="Passed" testListId="8c84fa94-04c1-424b-9868-57a2d4851a1d" relativeResultsDirectory="16eebfad-6f9d-45db-b47b-6793f63392a0" />
    <UnitTestResult executionId="77df3a68-4301-42aa-8220-20cbcf72f9a1" testId="75d71d72-fe8d-4d1e-88d7-14c8bc58648e" testName="StructuredJson.Tests.StructuredJsonEdgeCaseTests.ArrayHandling_ConvertObjectToArray_HandlesCorrectly" computerName="audit-host" duration="00:00:00.0057144" startTime="2026-09-27T03:21:32.5785500+03:00" endTime="2026-09-27T03:21:32.5785510+03:00" testType="13cdc9d9-ddb5-4fa4-a97d-d965ccfc6d4b" outcome="Passed" testListId="8c84fa94-04c1-424b-9868-57a2d4851a1d" relativeResultsDirectory="77df3a68-4301-42aa-8220-20cbcf72f9a1" />
    <UnitTestResult executionId="f2b9b754-8aba-46d3-9eab-b2b5324bff65" testId="b0262c57-20fc-def1-3286-9209da465580" testName="StructuredJson.Tests.StructuredJsonEdgeCaseTests.TypeConversion_NumberToString_HandlesCorrectly" computerName="audit-host" duration="00:00:00.0021670" startTime="2026-09-27T03:21:32.5790260+03:00" endTime="2026-09-27T03:21:32.5790260+03:00" testType="13cdc9d9-ddb5-4fa4-a97d-d965ccfc6d4b" outcome="Passed" testListId="8c84fa94-04c1-424b-9868-57a2d4851a1d" relativeResultsDirectory="f2b9b754-8aba-46d3-9eab-b2b5324bff65" />
    <UnitTestResult executionId="8aad6aa1-fc3b-4baf-8da7-f8f41d1e0ce1" testId="31080281-9cce-4654-40a4-7ab98da7fe39" testName="StructuredJson.Tests.StructuredJsonTests.Remove_ArrayElement_RemovesCorrectly" computerName="audit-host" duration="00:00:00.0004931" startTime="2026-09-27T03:21:32.5781580+03:00" endTime="2026-09-27T03:21:32.5781580+03:00" testType="13cdc9d9-ddb5-4fa4-a97d-d965ccfc6d4b" outcome="Passed" testListId="8c84fa94-04c1-424b-9868-57a2d4851a1d" relativeResultsDirectory="8aad6aa1-fc3b-4baf-8da7-f8f41d1e0ce1" />
    <UnitTestResult executionId="67b55e00-1604-4150-bf4a-183fd4d1e356" testId="13f6e452-275b-3a73-9edf-dae5fbf17a78" testName="StructuredJson.Tests.StructuredJsonEdgeCaseTests.JsonSerialization_SpecialCharactersInJson_HandlesCorrectly" computerName="audit-host" duration="00:00:00.0226652" startTime="2026-09-27T03:21:32.6022080+03:00" endTime="2026-09-27T03:21:32.6022080+03:00" testType="13cdc9d9-ddb5-4fa4-a97d-d965ccfc6d4b" outcome="Passed" testListId="8c84fa94-04c1-424b-9868-57a2d4851a1d" relativeResultsDirectory="67b55e00-1604-4150-bf4a-183fd4d1e356" />
    <UnitTestResult executionId="1fc46d52-5b2e-459c-931d-d7739a025ce5" testId="470ce699-6eea-155d-9c4b-3e9e5291b605" testName="StructuredJson.Tests.StructuredJsonTests.OverwriteExistingValue_ReplacesCorrectly" computerName="audit-host" duration="00:00:00.0000406" startTime="2026-09-27T03:21:32.6323710+03:00" endTime="2026-09-27T03:21:32.6323710+03:00" testType="13cdc9d9-ddb5-4fa4-a97d-d965ccfc6d4b" outcome="Passed" testListId="8c84fa94-04c1-424b-9868-57a2d4851a1d" relativeResultsDirectory="1fc46d52-5b2e-459c-931d-d7739a025ce5" />
  </Results>
  <TestDefinitions>
    <UnitTest name="StructuredJson.Tests.StructuredJsonTests.Remove_ExistingPath_RemovesAndReturnsTrue" storage="/users/ardaterekeci/structuredjson/structuredjson.tests/bin/release/net8.0/structuredjson.tests.dll" id="f408f557-6b6d-2024-9f5f-eff1794a2d02">
      <Execution id="5115ca12-141f-4a8d-ab56-15e233036a34" />
      <TestMethod codeBase="repo/StructuredJson.Tests/bin/Release/net8.0/StructuredJson.Tests.dll" adapterTypeName="executor://xunit/VsTestRunner2/netcoreapp" className="StructuredJson.Tests.StructuredJsonTests" name="Remove_ExistingPath_RemovesAndReturnsTrue" />
    </UnitTest>
    <UnitTest name="StructuredJson.Tests.StructuredJsonEdgeCaseTests.Performance_LargeArrayOperations_HandlesCorrectly" storage="/users/ardaterekeci/structuredjson/structuredjson.tests/bin/release/net8.0/structuredjson.tests.dll" id="1a8a52f1-c2de-ae4a-9a83-c623e51a5cf9">
      <Execution id="a4195e32-4c7d-4df5-b722-f39da3519ff2" />
      <TestMethod codeBase="repo/StructuredJson.Tests/bin/Release/net8.0/StructuredJson.Tests.dll" adapterTypeName="executor://xunit/VsTestRunner2/netcoreapp" className="StructuredJson.Tests.StructuredJsonEdgeCaseTests" name="Performance_LargeArrayOperations_HandlesCorrectly" />
    </UnitTest>
    <UnitTest name="StructuredJson.Tests.StructuredJsonTests.Set_SimpleProperty_SetsValueCorrectly" storage="/users/ardaterekeci/structuredjson/structuredjson.tests/bin/release/net8.0/structuredjson.tests.dll" id="d9c52179-8910-ca0f-f7c6-3683f5064169">
      <Execution id="f9753711-b513-4f22-b4a7-c3a79beceb9b" />
      <TestMethod codeBase="repo/StructuredJson.Tests/bin/Release/net8.0/StructuredJson.Tests.dll" adapterTypeName="executor://xunit/VsTestRunner2/netcoreapp" className="StructuredJson.Tests.StructuredJsonTests" name="Set_SimpleProperty_SetsValueCorrectly" />
    </UnitTest>
    <UnitTest name="StructuredJson.Tests.StructuredJsonTests.OverwriteExistingValue_ReplacesCorrectly" storage="/users/ardaterekeci/structuredjson/structuredjson.tests/bin/release/net8.0/structuredjson.tests.dll" id="470ce699-6eea-155d-9c4b-3e9e5291b605">
      <Execution id="1fc46d52-5b2e-459c-931d-d7739a025ce5" />
      <TestMethod codeBase="repo/StructuredJson.Tests/bin/Release/net8.0/StructuredJson.Tests.dll" adapterTypeName="executor://xunit/VsTestRunner2/netcoreapp" className="StructuredJson.Tests.StructuredJsonTests" name="OverwriteExistingValue_ReplacesCorrectly" />
    </UnitTest>
    <UnitTest name="StructuredJson.Tests.StructuredJsonTests.Remove_ArrayElement_RemovesCorrectly" storage="/users/ardaterekeci/structuredjson/structuredjson.tests/bin/release/net8.0/structuredjson.tests.dll" id="31080281-9cce-4654-40a4-7ab98da7fe39">
      <Execution id="8aad6aa1-fc3b-4baf-8da7-f8f41d1e0ce1" />
      <TestMethod codeBase="repo/StructuredJson.Tests/bin/Release/net8.0/StructuredJson.Tests.dll" adapterTypeName="executor://xunit/VsTestRunner2/netcoreapp" className="StructuredJson.Tests.StructuredJsonTests" name="Remove_ArrayElement_RemovesCorrectly" />
    </UnitTest>
    <UnitTest name="StructuredJson.Tests.StructuredJsonTests.HasPath_NonExistingPath_ReturnsFalse" storage="/users/ardaterekeci/structuredjson/structuredjson.tests/bin/release/net8.0/structuredjson.tests.dll" id="71015e64-3ba4-e9e4-5527-f30cfc4e5f1d">
      <Execution id="908f279b-5624-4514-ada3-d9d7d4b7495b" />
      <TestMethod codeBase="repo/StructuredJson.Tests/bin/Release/net8.0/StructuredJson.Tests.dll" adapterTypeName="executor://xunit/VsTestRunner2/netcoreapp" className="StructuredJson.Tests.StructuredJsonTests" name="HasPath_NonExistingPath_ReturnsFalse" />
    </UnitTest>
    <UnitTest name="StructuredJson.Tests.StructuredJsonTests.Set_NullOrEmptyPath_ThrowsArgumentException" storage="/users/ardaterekeci/structuredjson/structuredjson.tests/bin/release/net8.0/structuredjson.tests.dll" id="4796496a-da2d-8d25-03e0-1f904838d4f1">
      <Execution id="9c4495a8-3b18-40ae-8665-bd5547057c3a" />
      <TestMethod codeBase="repo/StructuredJson.Tests/bin/Release/net8.0/StructuredJson.Tests.dll" adapterTypeName="executor://xunit/VsTestRunner2/netcoreapp" className="StructuredJson.Tests.StructuredJsonTests" name="Set_NullOrEmptyPath_ThrowsArgumentException" />
    </UnitTest>
    <UnitTest name="StructuredJson.Tests.StructuredJsonEdgeCaseTests.ArrayHandling_RemoveMiddleElement_ShiftsIndices" storage="/users/ardaterekeci/structuredjson/structuredjson.tests/bin/release/net8.0/structuredjson.tests.dll" id="a62ea0d0-00ae-3635-0c80-d306d4968001">
      <Execution id="c9df74a4-d9b6-4fe8-bd6d-8da59a4b5359" />
      <TestMethod codeBase="repo/StructuredJson.Tests/bin/Release/net8.0/StructuredJson.Tests.dll" adapterTypeName="executor://xunit/VsTestRunner2/netcoreapp" className="StructuredJson.Tests.StructuredJsonEdgeCaseTests" name="ArrayHandling_RemoveMiddleElement_ShiftsIndices" />
    </UnitTest>
    <UnitTest name="StructuredJson.Tests.StructuredJsonTests.Set_NestedProperty_CreatesNestedStructure" storage="/users/ardaterekeci/structuredjson/structuredjson.tests/bin/release/net8.0/structuredjson.tests.dll" id="2e619be2-f6c2-d976-c812-ecbf666b1242">
      <Execution id="f1b383d0-7c00-469a-80f4-8b9c6751fca7" />
      <TestMethod codeBase="repo/StructuredJson.Tests/bin/Release/net8.0/StructuredJson.Tests.dll" adapterTypeName="executor://xunit/VsTestRunner2/netcoreapp" className="StructuredJson.Tests.StructuredJsonTests" name="Set_NestedProperty_CreatesNestedStructure" />
    </UnitTest>
    <UnitTest name="StructuredJson.Tests.StructuredJsonEdgeCaseTests.DataTypes_EmptyStrings_HandlesCorrectly" storage="/users/ardaterekeci/structuredjson/structuredjson.tests/bin/release/net8.0/structuredjson.tests.dll" id="5f4e1794-3b3d-1ebc-f9e0-e699cece0f56">
      <Execution id="80365c9b-3e63-4984-a5f6-890ebfbe176f" />
      <TestMethod codeBase="repo/StructuredJson.Tests/bin/Release/net8.0/StructuredJson.Tests.dll" adapterTypeName="executor://xunit/VsTestRunner2/netcoreapp" className="StructuredJson.Tests.StructuredJsonEdgeCaseTests" name="DataTypes_EmptyStrings_HandlesCorrectly" />
    </UnitTest>
    <UnitTest name="StructuredJson.Tests.StructuredJsonTests.ListPaths_SimpleStructure_ReturnsAllPaths" storage="/users/ardaterekeci/structuredjson/structuredjson.tests/bin/release/net8.0/structuredjson.tests.dll" id="6646f4aa-33a4-20c4-ec7c-7c6fbce1cc0f">
      <Execution id="999550d2-af4c-475c-9d48-e122eeea8e2d" />
      <TestMethod codeBase="repo/StructuredJson.Tests/bin/Release/net8.0/StructuredJson.Tests.dll" adapterTypeName="executor://xunit/VsTestRunner2/netcoreapp" className="StructuredJson.Tests.StructuredJsonTests" name="ListPaths_SimpleStructure_ReturnsAllPaths" />
    </UnitTest>
    <UnitTest name="StructuredJson.Tests.StructuredJsonTests.HasPath_ExistingPath_ReturnsTrue" storage="/users/ardaterekeci/structuredjson/structuredjson.tests/bin/release/net8.0/structuredjson.tests.dll" id="6ecf6d02-44fa-72cb-ec35-086e508b1d10">
      <Execution id="a16a7ed9-8028-4b52-a04d-52649f9ad99c" />
      <TestMethod codeBase="repo/StructuredJson.Tests/bin/Release/net8.0/StructuredJson.Tests.dll" adapterTypeName="executor://xunit/VsTestRunner2/netcoreapp" className="StructuredJson.Tests.StructuredJsonTests" name="HasPath_ExistingPath_ReturnsTrue" />
    </UnitTest>
    <UnitTest name="StructuredJson.Tests.StructuredJsonTests.PathParsing_SpecialCharacters_HandlesCorrectly" storage="/users/ardaterekeci/structuredjson/structuredjson.tests/bin/release/net8.0/structuredjson.tests.dll" id="6414f5ee-6d37-82bc-4eb2-7e05757f20b7">
      <Execution id="61efa2cf-75b3-4d5a-8618-7f6181f6ecdb" />
      <TestMethod codeBase="repo/StructuredJson.Tests/bin/Release/net8.0/StructuredJson.Tests.dll" adapterTypeName="executor://xunit/VsTestRunner2/netcoreapp" className="StructuredJson.Tests.StructuredJsonTests" name="PathParsing_SpecialCharacters_HandlesCorrectly" />
    </UnitTest>
    <UnitTest name="StructuredJson.Tests.StructuredJsonEdgeCaseTests.JsonSerialization_MalformedJson_ThrowsException" storage="/users/ardaterekeci/structuredjson/structuredjson.tests/bin/release/net8.0/structuredjson.tests.dll" id="be762d3a-1725-bd3e-bbc7-b7eec1c242f8">
      <Execution id="d0717ce2-0ad7-4d76-8ecb-bf7fc2a4f716" />
      <TestMethod codeBase="repo/StructuredJson.Tests/bin/Release/net8.0/StructuredJson.Tests.dll" adapterTypeName="executor://xunit/VsTestRunner2/netcoreapp" className="StructuredJson.Tests.StructuredJsonEdgeCaseTests" name="JsonSerialization_MalformedJson_ThrowsException" />
    </UnitTest>
    <UnitTest name="StructuredJson.Tests.StructuredJsonEdgeCaseTests.Performance_ManyProperties_HandlesCorrectly" storage="/users/ardaterekeci/structuredjson/structuredjson.tests/bin/release/net8.0/structuredjson.tests.dll" id="82d375db-8060-25dd-5e3c-681ad0f22052">
      <Execution id="3fba3b4c-e735-4eed-9487-45659c99af4f" />
      <TestMethod codeBase="repo/StructuredJson.Tests/bin/Release/net8.0/StructuredJson.Tests.dll" adapterTypeName="executor://xunit/VsTestRunner2/netcoreapp" className="StructuredJson.Tests.StructuredJsonEdgeCaseTests" name="Performance_ManyProperties_HandlesCorrectly" />
    </UnitTest>
    <UnitTest name="StructuredJson.Tests.StructuredJsonTests.ToJson_SimpleStructure_ReturnsCorrectJson" storage="/users/ardaterekeci/structuredjson/structuredjson.tests/bin/release/net8.0/structuredjson.tests.dll" id="5a9ae6c6-86f8-c287-0eb3-7508cb61b6d9">
      <Execution id="e7c1e59f-e75a-49c6-b243-5f1d66efbbbc" />
      <TestMethod codeBase="repo/StructuredJson.Tests/bin/Release/net8.0/StructuredJson.Tests.dll" adapterTypeName="executor://xunit/VsTestRunner2/netcoreapp" className="StructuredJson.Tests.StructuredJsonTests" name="ToJson_SimpleStructure_ReturnsCorrectJson" />
    </UnitTest>
    <UnitTest name="StructuredJson.Tests.StructuredJsonEdgeCaseTests.JsonSerialization_SpecialCharactersInJson_HandlesCorrectly" storage="/users/ardaterekeci/structuredjson/structuredjson.tests/bin/release/net8.0/structuredjson.tests.dll" id="13f6e452-275b-3a73-9edf-dae5fbf17a78">
      <Execution id="67b55e00-1604-4150-bf4a-183fd4d1e356" />
      <TestMethod codeBase="repo/StructuredJson.Tests/bin/Release/net8.0/StructuredJson.Tests.dll" adapterTypeName="executor://xunit/VsTestRunner2/netcoreapp" className="StructuredJson.Tests.StructuredJsonEdgeCaseTests" name="JsonSerialization_SpecialCharactersInJson_HandlesCorrectly" />
    </UnitTest>
    <UnitTest name="StructuredJson.Tests.StructuredJsonTests.Get_NullOrEmptyPath_ThrowsArgumentException" storage="/users/ardaterekeci/structuredjson/structuredjson.tests/bin/release/net8.0/structuredjson.tests.dll" id="c244fab6-a47f-965c-bf8d-f634bba88a7b">
      <Execution id="944d596b-7733-4c4d-b375-df73b9855d67" />
      <TestMethod codeBase="repo/StructuredJson.Tests/bin/Release/net8.0/StructuredJson.Tests.dll" adapterTypeName="executor://xunit/VsTestRunner2/netcoreapp" className="StructuredJson.Tests.StructuredJsonTests" name="Get_NullOrEmptyPath_ThrowsArgumentException" />
    </UnitTest>
    <UnitTest name="StructuredJson.Tests.StructuredJsonEdgeCaseTests.TypeConversion_NumberToString_HandlesCorrectly" storage="/users/ardaterekeci/structuredjson/structuredjson.tests/bin/release/net8.0/structuredjson.tests.dll" id="b0262c57-20fc-def1-3286-9209da465580">
      <Execution id="f2b9b754-8aba-46d3-9eab-b2b5324bff65" />
      <TestMethod codeBase="repo/StructuredJson.Tests/bin/Release/net8.0/StructuredJson.Tests.dll" adapterTypeName="executor://xunit/VsTestRunner2/netcoreapp" className="StructuredJson.Tests.StructuredJsonEdgeCaseTests" name="TypeConversion_NumberToString_HandlesCorrectly" />
    </UnitTest>
    <UnitTest name="StructuredJson.Tests.StructuredJsonEdgeCaseTests.TypeConversion_StringToNumber_HandlesCorrectly" storage="/users/ardaterekeci/structuredjson/structuredjson.tests/bin/release/net8.0/structuredjson.tests.dll" id="812be9b7-0011-5dcd-ced1-048f51c12c48">
      <Execution id="3a4baf39-7890-4aac-bc5a-a26159d8afd0" />
      <TestMethod codeBase="repo/StructuredJson.Tests/bin/Release/net8.0/StructuredJson.Tests.dll" adapterTypeName="executor://xunit/VsTestRunner2/netcoreapp" className="StructuredJson.Tests.StructuredJsonEdgeCaseTests" name="TypeConversion_StringToNumber_HandlesCorrectly" />
    </UnitTest>
    <UnitTest name="StructuredJson.Tests.StructuredJsonEdgeCaseTests.PathParsing_EmptyArrayIndex_ThrowsOrHandlesGracefully" storage="/users/ardaterekeci/structuredjson/structuredjson.tests/bin/release/net8.0/structuredjson.tests.dll" id="925b4640-8b97-732a-a33b-006a589a9f35">
      <Execution id="241b5fb6-2164-48c9-9a2a-b08853d695c2" />
      <TestMethod codeBase="repo/StructuredJson.Tests/bin/Release/net8.0/StructuredJson.Tests.dll" adapterTypeName="executor://xunit/VsTestRunner2/netcoreapp" className="StructuredJson.Tests.StructuredJsonEdgeCaseTests" name="PathParsing_EmptyArrayIndex_ThrowsOrHandlesGracefully" />
    </UnitTest>
    <UnitTest name="StructuredJson.Tests.StructuredJsonTests.Get_ExistingPath_ReturnsCorrectValue" storage="/users/ardaterekeci/structuredjson/structuredjson.tests/bin/release/net8.0/structuredjson.tests.dll" id="613f9b87-6a44-587f-d9e6-a7cb8238f530">
      <Execution id="2878d46e-fb96-4e61-ba94-51a395deaa10" />
      <TestMethod codeBase="repo/StructuredJson.Tests/bin/Release/net8.0/StructuredJson.Tests.dll" adapterTypeName="executor://xunit/VsTestRunner2/netcoreapp" className="StructuredJson.Tests.StructuredJsonTests" name="Get_ExistingPath_ReturnsCorrectValue" />
    </UnitTest>
    <UnitTest name="StructuredJson.Tests.StructuredJsonEdgeCaseTests.PathParsing_SpecialCharactersInPropertyNames_HandlesCorrectly" storage="/users/ardaterekeci/structuredjson/structuredjson.tests/bin/release/net8.0/structuredjson.tests.dll" id="3615775b-391b-6d5a-21a7-be4374d1d6a9">
      <Execution id="ee8c8043-ee86-42e3-8913-a4b9cf827ec4" />
      <TestMethod codeBase="repo/StructuredJson.Tests/bin/Release/net8.0/StructuredJson.Tests.dll" adapterTypeName="executor://xunit/VsTestRunner2/netcoreapp" className="StructuredJson.Tests.StructuredJsonEdgeCaseTests" name="PathParsing_SpecialCharactersInPropertyNames_HandlesCorrectly" />
    </UnitTest>
    <UnitTest name="StructuredJson.Tests.StructuredJsonEdgeCaseTests.ArrayHandling_SparseArrayWithLargeGaps_HandlesCorrectly" storage="/users/ardaterekeci/structuredjson/structuredjson.tests/bin/release/net8.0/structuredjson.tests.dll" id="e2a1935b-6d2b-b58a-a4fa-f70c3d0d8ddb">
      <Execution id="7a6a8a89-b727-465d-8e7b-557b0fb5daad" />
      <TestMethod codeBase="repo/StructuredJson.Tests/bin/Release/net8.0/StructuredJson.Tests.dll" adapterTypeName="executor://xunit/VsTestRunner2/netcoreapp" className="StructuredJson.Tests.StructuredJsonEdgeCaseTests" name="ArrayHandling_SparseArrayWithLargeGaps_HandlesCorrectly" />
    </UnitTest>
    <UnitTest name="StructuredJson.Tests.StructuredJsonEdgeCaseTests.PathParsing_VeryLargeArrayIndex_HandlesCorrectly" storage="/users/ardaterekeci/structuredjson/structuredjson.tests/bin/release/net8.0/structuredjson.tests.dll" id="6361464d-672b-2929-3ddf-8b9b8cc21b24">
      <Execution id="0740f7b7-1692-4819-ad13-b8ab0ac70abb" />
      <TestMethod codeBase="repo/StructuredJson.Tests/bin/Release/net8.0/StructuredJson.Tests.dll" adapterTypeName="executor://xunit/VsTestRunner2/netcoreapp" className="StructuredJson.Tests.StructuredJsonEdgeCaseTests" name="PathParsing_VeryLargeArrayIndex_HandlesCorrectly" />
    </UnitTest>
    <UnitTest name="StructuredJson.Tests.StructuredJsonTests.ComplexScenario_UserWithMultipleAddresses_WorksCorrectly" storage="/users/ardaterekeci/structuredjson/structuredjson.tests/bin/release/net8.0/structuredjson.tests.dll" id="89b733a2-4d9d-012c-d611-fb9f62464cd4">
      <Execution id="8acbc5dc-19d5-47cf-b9d3-936a41b00bf7" />
      <TestMethod codeBase="repo/StructuredJson.Tests/bin/Release/net8.0/StructuredJson.Tests.dll" adapterTypeName="executor://xunit/VsTestRunner2/netcoreapp" className="StructuredJson.Tests.StructuredJsonTests" name="ComplexScenario_UserWithMultipleAddresses_WorksCorrectly" />
    </UnitTest>
    <UnitTest name="StructuredJson.Tests.StructuredJsonEdgeCaseTests.PathParsing_InvalidArrayIndex_ThrowsOrHandlesGracefully" storage="/users/ardaterekeci/structuredjson/structuredjson.tests/bin/release/net8.0/structuredjson.tests.dll" id="f9134992-03ce-f900-cd20-39aaca80af8d">
      <Execution id="3641148e-b518-432b-a3f3-2e392cbd37e8" />
      <TestMethod codeBase="repo/StructuredJson.Tests/bin/Release/net8.0/StructuredJson.Tests.dll" adapterTypeName="executor://xunit/VsTestRunner2/netcoreapp" className="StructuredJson.Tests.StructuredJsonEdgeCaseTests" name="PathParsing_InvalidArrayIndex_ThrowsOrHandlesGracefully" />
    </UnitTest>
    <UnitTest name="StructuredJson.Tests.StructuredJsonEdgeCaseTests.JsonSerialization_MixedQuotedUnquotedKeys_HandlesCorrectly" storage="/users/ardaterekeci/structuredjson/structuredjson.tests/bin/release/net8.0/structuredjson.tests.dll" id="823069dc-e30b-551a-c2d2-03ac23212032">
      <Execution id="39d73f36-00b1-427f-80c8-d1aabae4259c" />
      <TestMethod codeBase="repo/StructuredJson.Tests/bin/Release/net8.0/StructuredJson.Tests.dll" adapterTypeName="executor://xunit/VsTestRunner2/netcoreapp" className="StructuredJson.Tests.StructuredJsonEdgeCaseTests" name="JsonSerialization_MixedQuotedUnquotedKeys_HandlesCorrectly" />
    </UnitTest>
    <UnitTest name="StructuredJson.Tests.StructuredJsonEdgeCaseTests.JsonSerialization_RoundTripWithComplexData_MaintainsIntegrity" storage="/users/ardaterekeci/structuredjson/structuredjson.tests/bin/release/net8.0/structuredjson.tests.dll" id="2579d7c8-4efb-93ed-2772-770327a83784">
      <Execution id="4725bbc6-d641-4141-9d28-b8e1d1c2d95e" />
      <TestMethod codeBase="repo/StructuredJson.Tests/bin/Release/net8.0/StructuredJson.Tests.dll" adapterTypeName="executor://xunit/VsTestRunner2/netcoreapp" className="StructuredJson.Tests.StructuredJsonEdgeCaseTests" name="JsonSerialization_RoundTripWithComplexData_MaintainsIntegrity" />
    </UnitTest>
    <UnitTest name="StructuredJson.Tests.StructuredJsonEdgeCaseTests.ArrayHandling_ConvertObjectToArray_HandlesCorrectly" storage="/users/ardaterekeci/structuredjson/structuredjson.tests/bin/release/net8.0/structuredjson.tests.dll" id="75d71d72-fe8d-4d1e-88d7-14c8bc58648e">
      <Execution id="77df3a68-4301-42aa-8220-20cbcf72f9a1" />
      <TestMethod codeBase="repo/StructuredJson.Tests/bin/Release/net8.0/StructuredJson.Tests.dll" adapterTypeName="executor://xunit/VsTestRunner2/netcoreapp" className="StructuredJson.Tests.StructuredJsonEdgeCaseTests" name="ArrayHandling_ConvertObjectToArray_HandlesCorrectly" />
    </UnitTest>
    <UnitTest name="StructuredJson.Tests.StructuredJsonTests.Constructor_ValidJsonString_ParsesCorrectly" storage="/users/ardaterekeci/structuredjson/structuredjson.tests/bin/release/net8.0/structuredjson.tests.dll" id="f8e9b055-0863-1e6b-03ef-088d591709cc">
      <Execution id="5a05e3f3-7a95-4a7e-a0d1-81b4bc472b04" />
      <TestMethod codeBase="repo/StructuredJson.Tests/bin/Release/net8.0/StructuredJson.Tests.dll" adapterTypeName="executor://xunit/VsTestRunner2/netcoreapp" className="StructuredJson.Tests.StructuredJsonTests" name="Constructor_ValidJsonString_ParsesCorrectly" />
    </UnitTest>
    <UnitTest name="StructuredJson.Tests.StructuredJsonEdgeCaseTests.JsonSerialization_UnquotedKeys_DemonstratesBehavior" storage="/users/ardaterekeci/structuredjson/structuredjson.tests/bin/release/net8.0/structuredjson.tests.dll" id="fe702200-cf02-c246-ed7a-9482292e47c1">
      <Execution id="7e8476c0-95e8-426e-9ac3-74d33e00e900" />
      <TestMethod codeBase="repo/StructuredJson.Tests/bin/Release/net8.0/StructuredJson.Tests.dll" adapterTypeName="executor://xunit/VsTestRunner2/netcoreapp" className="StructuredJson.Tests.StructuredJsonEdgeCaseTests" name="JsonSerialization_UnquotedKeys_DemonstratesBehavior" />
    </UnitTest>
    <UnitTest name="StructuredJson.Tests.StructuredJsonEdgeCaseTests.Performance_DeepNestedStructure_HandlesCorrectly" storage="/users/ardaterekeci/structuredjson/structuredjson.tests/bin/release/net8.0/structuredjson.tests.dll" id="2a123db7-08bb-8a02-7295-22b7d05ea4de">
      <Execution id="16eebfad-6f9d-45db-b47b-6793f63392a0" />
      <TestMethod codeBase="repo/StructuredJson.Tests/bin/Release/net8.0/StructuredJson.Tests.dll" adapterTypeName="executor://xunit/VsTestRunner2/netcoreapp" className="StructuredJson.Tests.StructuredJsonEdgeCaseTests" name="Performance_DeepNestedStructure_HandlesCorrectly" />
    </UnitTest>
    <UnitTest name="StructuredJson.Tests.StructuredJsonTests.Get_NonExistingPath_ReturnsNull" storage="/users/ardaterekeci/structuredjson/structuredjson.tests/bin/release/net8.0/structuredjson.tests.dll" id="7b25ee8f-49f9-6852-4b3c-e5a3bfac1eb5">
      <Execution id="3c79a233-6a75-4525-b99f-463397fc4855" />
      <TestMethod codeBase="repo/StructuredJson.Tests/bin/Release/net8.0/StructuredJson.Tests.dll" adapterTypeName="executor://xunit/VsTestRunner2/netcoreapp" className="StructuredJson.Tests.StructuredJsonTests" name="Get_NonExistingPath_ReturnsNull" />
    </UnitTest>
    <UnitTest name="StructuredJson.Tests.StructuredJsonEdgeCaseTests.ArrayHandling_NestedArrays_HandlesCorrectly" storage="/users/ardaterekeci/structuredjson/structuredjson.tests/bin/release/net8.0/structuredjson.tests.dll" id="3cc555a8-5082-819a-04d7-ff46048544b5">
      <Execution id="286c8dba-af85-4801-8f7c-6d785bbb6553" />
      <TestMethod codeBase="repo/StructuredJson.Tests/bin/Release/net8.0/StructuredJson.Tests.dll" adapterTypeName="executor://xunit/VsTestRunner2/netcoreapp" className="StructuredJson.Tests.StructuredJsonEdgeCaseTests" name="ArrayHandling_NestedArrays_HandlesCorrectly" />
    </UnitTest>
    <UnitTest name="StructuredJson.Tests.StructuredJsonEdgeCaseTests.TypeConversion_InvalidConversion_ReturnsDefault" storage="/users/ardaterekeci/structuredjson/structuredjson.tests/bin/release/net8.0/structuredjson.tests.dll" id="d61dcc8c-1d5d-c10f-7ac0-5439750e232f">
      <Execution id="f2ad61df-3024-4c35-a24e-83dc7fc47309" />
      <TestMethod codeBase="repo/StructuredJson.Tests/bin/Release/net8.0/StructuredJson.Tests.dll" adapterTypeName="executor://xunit/VsTestRunner2/netcoreapp" className="StructuredJson.Tests.StructuredJsonEdgeCaseTests" name="TypeConversion_InvalidConversion_ReturnsDefault" />
    </UnitTest>
    <UnitTest name="StructuredJson.Tests.StructuredJsonTests.ArrayHandling_SparseArray_FillsWithNulls" storage="/users/ardaterekeci/structuredjson/structuredjson.tests/bin/release/net8.0/structuredjson.tests.dll" id="a37ef308-5bf8-e5d3-d3ea-ff18ed1b8844">
      <Execution id="2bf74927-2162-44a3-b6ac-5ffd3014cf7c" />
      <TestMethod codeBase="repo/StructuredJson.Tests/bin/Release/net8.0/StructuredJson.Tests.dll" adapterTypeName="executor://xunit/VsTestRunner2/netcoreapp" className="StructuredJson.Tests.StructuredJsonTests" name="ArrayHandling_SparseArray_FillsWithNulls" />
    </UnitTest>
    <UnitTest name="StructuredJson.Tests.StructuredJsonEdgeCaseTests.DataTypes_NullValues_HandlesCorrectly" storage="/users/ardaterekeci/structuredjson/structuredjson.tests/bin/release/net8.0/structuredjson.tests.dll" id="bc7f1bdf-5eb6-b63b-f7eb-7b3e59ff1570">
      <Execution id="654d5e4c-eeb0-4428-bb92-3c6ed96bf1a0" />
      <TestMethod codeBase="repo/StructuredJson.Tests/bin/Release/net8.0/StructuredJson.Tests.dll" adapterTypeName="executor://xunit/VsTestRunner2/netcoreapp" className="StructuredJson.Tests.StructuredJsonEdgeCaseTests" name="DataTypes_NullValues_HandlesCorrectly" />
    </UnitTest>
    <UnitTest name="StructuredJson.Tests.StructuredJsonTests.HasPath_NullOrEmptyPath_ReturnsFalse" storage="/users/ardaterekeci/structuredjson/structuredjson.tests/bin/release/net8.0/structuredjson.tests.dll" id="36a5b215-e9ec-c645-a655-891ff67ff6b6">
      <Execution id="5d99ecca-baaf-4e8e-a27a-b6510ac05b27" />
      <TestMethod codeBase="repo/StructuredJson.Tests/bin/Release/net8.0/StructuredJson.Tests.dll" adapterTypeName="executor://xunit/VsTestRunner2/netcoreapp" className="StructuredJson.Tests.StructuredJsonTests" name="HasPath_NullOrEmptyPath_ReturnsFalse" />
    </UnitTest>
    <UnitTest name="StructuredJson.Tests.StructuredJsonEdgeCaseTests.PathParsing_MultipleArrayIndices_ThrowsOrHandlesGracefully" storage="/users/ardaterekeci/structuredjson/structuredjson.tests/bin/release/net8.0/structuredjson.tests.dll" id="b93df99b-24c7-fdfe-e98d-9b34ecabfae9">
      <Execution id="0e7dd86c-bf37-4c3c-9feb-942e556ebc73" />
      <TestMethod codeBase="repo/StructuredJson.Tests/bin/Release/net8.0/StructuredJson.Tests.dll" adapterTypeName="executor://xunit/VsTestRunner2/netcoreapp" className="StructuredJson.Tests.StructuredJsonEdgeCaseTests" name="PathParsing_MultipleArrayIndices_ThrowsOrHandlesGracefully" />
    </UnitTest>
    <UnitTest name="StructuredJson.Tests.StructuredJsonTests.Clear_WithData_RemovesAllData" storage="/users/ardaterekeci/structuredjson/structuredjson.tests/bin/release/net8.0/structuredjson.tests.dll" id="6d294cc8-02f5-4abf-bf39-cc914fb13e48">
      <Execution id="70bf2644-9189-4922-ab42-e71068515419" />
      <TestMethod codeBase="repo/StructuredJson.Tests/bin/Release/net8.0/StructuredJson.Tests.dll" adapterTypeName="executor://xunit/VsTestRunner2/netcoreapp" className="StructuredJson.Tests.StructuredJsonTests" name="Clear_WithData_RemovesAllData" />
    </UnitTest>
    <UnitTest name="StructuredJson.Tests.StructuredJsonEdgeCaseTests.PathParsing_NegativeArrayIndex_ThrowsOrHandlesGracefully" storage="/users/ardaterekeci/structuredjson/structuredjson.tests/bin/release/net8.0/structuredjson.tests.dll" id="6268c4c7-8692-6990-b28d-d0f059bb516d">
      <Execution id="3ee3a976-ee7d-4ac4-b297-70bc12b632d7" />
      <TestMethod codeBase="repo/StructuredJson.Tests/bin/Release/net8.0/StructuredJson.Tests.dll" adapterTypeName="executor://xunit/VsTestRunner2/netcoreapp" className="StructuredJson.Tests.StructuredJsonEdgeCaseTests" name="PathParsing_NegativeArrayIndex_ThrowsOrHandlesGracefully" />
    </UnitTest>
    <UnitTest name="StructuredJson.Tests.StructuredJsonEdgeCaseTests.JsonSerialization_EmptyJsonObjects_HandlesCorrectly" storage="/users/ardaterekeci/structuredjson/structuredjson.tests/bin/release/net8.0/structuredjson.tests.dll" id="1b938377-9ed3-454a-b27b-ad01b90e3d47">
      <Execution id="10dc00c9-8297-4486-8f1d-201b55d422d1" />
      <TestMethod codeBase="repo/StructuredJson.Tests/bin/Release/net8.0/StructuredJson.Tests.dll" adapterTypeName="executor://xunit/VsTestRunner2/netcoreapp" className="StructuredJson.Tests.StructuredJsonEdgeCaseTests" name="JsonSerialization_EmptyJsonObjects_HandlesCorrectly" />
    </UnitTest>
    <UnitTest name="StructuredJson.Tests.StructuredJsonEdgeCaseTests.DataTypes_UnicodeCharacters_HandlesCorrectly" storage="/users/ardaterekeci/structuredjson/structuredjson.tests/bin/release/net8.0/structuredjson.tests.dll" id="8031d8fd-8840-6dcf-1200-e9f6f183a876">
      <Execution id="6c21dded-d538-449a-bd6d-fa38b7582f7a" />
      <TestMethod codeBase="repo/StructuredJson.Tests/bin/Release/net8.0/StructuredJson.Tests.dll" adapterTypeName="executor://xunit/VsTestRunner2/netcoreapp" className="StructuredJson.Tests.StructuredJsonEdgeCaseTests" name="DataTypes_UnicodeCharacters_HandlesCorrectly" />
    </UnitTest>
    <UnitTest name="StructuredJson.Tests.StructuredJsonTests.GetGeneric_ExistingPath_ReturnsTypedValue" storage="/users/ardaterekeci/structuredjson/structuredjson.tests/bin/release/net8.0/structuredjson.tests.dll" id="2b0f11c5-6e8b-bd44-5f51-eba47d23d219">
      <Execution id="1783ff5e-3201-453e-b127-6531603af891" />
      <TestMethod codeBase="repo/StructuredJson.Tests/bin/Release/net8.0/StructuredJson.Tests.dll" adapterTypeName="executor://xunit/VsTestRunner2/netcoreapp" className="StructuredJson.Tests.StructuredJsonTests" name="GetGeneric_ExistingPath_ReturnsTypedValue" />
    </UnitTest>
    <UnitTest name="StructuredJson.Tests.StructuredJsonEdgeCaseTests.DataTypes_BooleanValues_HandlesCorrectly" storage="/users/ardaterekeci/structuredjson/structuredjson.tests/bin/release/net8.0/structuredjson.tests.dll" id="68d14aab-e609-c91c-cd52-ee41a6bab343">
      <Execution id="a588153f-8c3c-492e-a1b0-7e3d99dfe7c4" />
      <TestMethod codeBase="repo/StructuredJson.Tests/bin/Release/net8.0/StructuredJson.Tests.dll" adapterTypeName="executor://xunit/VsTestRunner2/netcoreapp" className="StructuredJson.Tests.StructuredJsonEdgeCaseTests" name="DataTypes_BooleanValues_HandlesCorrectly" />
    </UnitTest>
    <UnitTest name="StructuredJson.Tests.StructuredJsonTests.ToJson_ComplexStructure_ReturnsCorrectJson" storage="/users/ardaterekeci/structuredjson/structuredjson.tests/bin/release/net8.0/structuredjson.tests.dll" id="43ab37ad-648d-bf63-f40a-541fe12de137">
      <Execution id="98fe16aa-c359-42ff-be9c-5d3344d3059b" />
      <TestMethod codeBase="repo/StructuredJson.Tests/bin/Release/net8.0/StructuredJson.Tests.dll" adapterTypeName="executor://xunit/VsTestRunner2/netcoreapp" className="StructuredJson.Tests.StructuredJsonTests" name="ToJson_ComplexStructure_ReturnsCorrectJson" />
    </UnitTest>
    <UnitTest name="StructuredJson.Tests.StructuredJsonTests.GetGeneric_NonExistingPath_ReturnsDefault" storage="/users/ardaterekeci/structuredjson/structuredjson.tests/bin/release/net8.0/structuredjson.tests.dll" id="83d06e93-ce4e-9b35-7030-741131143ef1">
      <Execution id="24cd7d3d-d932-4fb3-a97b-4b460ebb71d5" />
      <TestMethod codeBase="repo/StructuredJson.Tests/bin/Release/net8.0/StructuredJson.Tests.dll" adapterTypeName="executor://xunit/VsTestRunner2/netcoreapp" className="StructuredJson.Tests.StructuredJsonTests" name="GetGeneric_NonExistingPath_ReturnsDefault" />
    </UnitTest>
    <UnitTest name="StructuredJson.Tests.StructuredJsonTests.Set_NestedArrayProperty_CreatesComplexStructure" storage="/users/ardaterekeci/structuredjson/structuredjson.tests/bin/release/net8.0/structuredjson.tests.dll" id="3b9a4e20-fb0c-1cce-f122-e571c3198444">
      <Execution id="8d660016-68fc-4935-b772-2f85d9f3a1eb" />
      <TestMethod codeBase="repo/StructuredJson.Tests/bin/Release/net8.0/StructuredJson.Tests.dll" adapterTypeName="executor://xunit/VsTestRunner2/netcoreapp" className="StructuredJson.Tests.StructuredJsonTests" name="Set_NestedArrayProperty_CreatesComplexStructure" />
    </UnitTest>
    <UnitTest name="StructuredJson.Tests.StructuredJsonTests.Remove_NonExistingPath_ReturnsFalse" storage="/users/ardaterekeci/structuredjson/structuredjson.tests/bin/release/net8.0/structuredjson.tests.dll" id="20c510a7-5248-fc36-74e7-605455f37208">
      <Execution id="7dadd8ba-6e48-4007-9e9a-8f64688a1ab2" />
      <TestMethod codeBase="repo/StructuredJson.Tests/bin/Release/net8.0/StructuredJson.Tests.dll" adapterTypeName="executor://xunit/VsTestRunner2/netcoreapp" className="StructuredJson.Tests.StructuredJsonTests" name="Remove_NonExistingPath_ReturnsFalse" />
    </UnitTest>
    <UnitTest name="StructuredJson.Tests.StructuredJsonEdgeCaseTests.JsonSerialization_SingleQuotedKeys_HandlesCorrectly" storage="/users/ardaterekeci/structuredjson/structuredjson.tests/bin/release/net8.0/structuredjson.tests.dll" id="8873b6c7-2bd7-2eb1-ba6c-62ff79bc15a7">
      <Execution id="40d255e8-2ac2-4809-8d82-0cbf2165b253" />
      <TestMethod codeBase="repo/StructuredJson.Tests/bin/Release/net8.0/StructuredJson.Tests.dll" adapterTypeName="executor://xunit/VsTestRunner2/netcoreapp" className="StructuredJson.Tests.StructuredJsonEdgeCaseTests" name="JsonSerialization_SingleQuotedKeys_HandlesCorrectly" />
    </UnitTest>
    <UnitTest name="StructuredJson.Tests.StructuredJsonEdgeCaseTests.BoundaryConditions_EmptyAndWhitespaceKeys_HandlesCorrectly" storage="/users/ardaterekeci/structuredjson/structuredjson.tests/bin/release/net8.0/structuredjson.tests.dll" id="1e8a71fd-e6e8-717e-3877-746459172285">
      <Execution id="e7ff1672-d362-4762-ac86-a01be1806e9e" />
      <TestMethod codeBase="repo/StructuredJson.Tests/bin/Release/net8.0/StructuredJson.Tests.dll" adapterTypeName="executor://xunit/VsTestRunner2/netcoreapp" className="StructuredJson.Tests.StructuredJsonEdgeCaseTests" name="BoundaryConditions_EmptyAndWhitespaceKeys_HandlesCorrectly" />
    </UnitTest>
    <UnitTest name="StructuredJson.Tests.StructuredJsonTests.Constructor_EmptyConstructor_CreatesEmptyStructure" storage="/users/ardaterekeci/structuredjson/structuredjson.tests/bin/release/net8.0/structuredjson.tests.dll" id="64f27c42-c33e-2479-ad45-713a7f7d3581">
      <Execution id="87f2f25d-10cf-4175-bf83-46dd6ba0ecac" />
      <TestMethod codeBase="repo/StructuredJson.Tests/bin/Release/net8.0/StructuredJson.Tests.dll" adapterTypeName="executor://xunit/VsTestRunner2/netcoreapp" className="StructuredJson.Tests.StructuredJsonTests" name="Constructor_EmptyConstructor_CreatesEmptyStructure" />
    </UnitTest>
    <UnitTest name="StructuredJson.Tests.StructuredJsonTests.Remove_NullOrEmptyPath_ReturnsFalse" storage="/users/ardaterekeci/structuredjson/structuredjson.tests/bin/release/net8.0/structuredjson.tests.dll" id="20424d61-925e-2455-031d-80fdccb19de4">
      <Execution id="5cb52f23-5178-41cd-a7e1-3845b4aeea3d" />
      <TestMethod codeBase="repo/StructuredJson.Tests/bin/Release/net8.0/StructuredJson.Tests.dll" adapterTypeName="executor://xunit/VsTestRunner2/netcoreapp" className="StructuredJson.Tests.StructuredJsonTests" name="Remove_NullOrEmptyPath_ReturnsFalse" />
    </UnitTest>
    <UnitTest name="StructuredJson.Tests.StructuredJsonEdgeCaseTests.BoundaryConditions_MaxPathLength_HandlesCorrectly" storage="/users/ardaterekeci/structuredjson/structuredjson.tests/bin/release/net8.0/structuredjson.tests.dll" id="57f6fbf3-7375-0377-cf59-cfb90ad112d5">
      <Execution id="f35887cf-c715-43e0-a656-88b7924d1a91" />
      <TestMethod codeBase="repo/StructuredJson.Tests/bin/Release/net8.0/StructuredJson.Tests.dll" adapterTypeName="executor://xunit/VsTestRunner2/netcoreapp" className="StructuredJson.Tests.StructuredJsonEdgeCaseTests" name="BoundaryConditions_MaxPathLength_HandlesCorrectly" />
    </UnitTest>
    <UnitTest name="StructuredJson.Tests.StructuredJsonEdgeCaseTests.PathParsing_WhitespaceInPaths_HandlesCorrectly" storage="/users/ardaterekeci/structuredjson/structuredjson.tests/bin/release/net8.0/structuredjson.tests.dll" id="9d6ae6b4-f2a6-2a7e-afda-101b1997874a">
      <Execution id="fdcce083-a4b2-411f-b524-74be3987b4ff" />
      <TestMethod codeBase="repo/StructuredJson.Tests/bin/Release/net8.0/StructuredJson.Tests.dll" adapterTypeName="executor://xunit/VsTestRunner2/netcoreapp" className="StructuredJson.Tests.StructuredJsonEdgeCaseTests" name="PathParsing_WhitespaceInPaths_HandlesCorrectly" />
    </UnitTest>
    <UnitTest name="StructuredJson.Tests.StructuredJsonEdgeCaseTests.ArrayHandling_ConvertArrayToObject_HandlesCorrectly" storage="/users/ardaterekeci/structuredjson/structuredjson.tests/bin/release/net8.0/structuredjson.tests.dll" id="98de8aff-46c8-ae16-89ce-e13482b0534e">
      <Execution id="ddc2e9d2-3b13-4fa2-af95-3acdc3a7ad92" />
      <TestMethod codeBase="repo/StructuredJson.Tests/bin/Release/net8.0/StructuredJson.Tests.dll" adapterTypeName="executor://xunit/VsTestRunner2/netcoreapp" className="StructuredJson.Tests.StructuredJsonEdgeCaseTests" name="ArrayHandling_ConvertArrayToObject_HandlesCorrectly" />
    </UnitTest>
    <UnitTest name="StructuredJson.Tests.StructuredJsonEdgeCaseTests.BoundaryConditions_VeryLongStringValues_HandlesCorrectly" storage="/users/ardaterekeci/structuredjson/structuredjson.tests/bin/release/net8.0/structuredjson.tests.dll" id="65d1e315-1eee-a148-f39d-3118376b731a">
      <Execution id="83fb530b-ef75-4d38-bc21-c5d715440853" />
      <TestMethod codeBase="repo/StructuredJson.Tests/bin/Release/net8.0/StructuredJson.Tests.dll" adapterTypeName="executor://xunit/VsTestRunner2/netcoreapp" className="StructuredJson.Tests.StructuredJsonEdgeCaseTests" name="BoundaryConditions_VeryLongStringValues_HandlesCorrectly" />
    </UnitTest>
    <UnitTest name="StructuredJson.Tests.StructuredJsonTests.OverwriteObjectWithPrimitive_ReplacesCorrectly" storage="/users/ardaterekeci/structuredjson/structuredjson.tests/bin/release/net8.0/structuredjson.tests.dll" id="a14bb3ad-97b6-d535-8baf-73d14fd4b791">
      <Execution id="01686286-6b80-44a1-aff9-eb93e2180822" />
      <TestMethod codeBase="repo/StructuredJson.Tests/bin/Release/net8.0/StructuredJson.Tests.dll" adapterTypeName="executor://xunit/VsTestRunner2/netcoreapp" className="StructuredJson.Tests.StructuredJsonTests" name="OverwriteObjectWithPrimitive_ReplacesCorrectly" />
    </UnitTest>
    <UnitTest name="StructuredJson.Tests.StructuredJsonTests.Constructor_InvalidJsonString_ThrowsArgumentException" storage="/users/ardaterekeci/structuredjson/structuredjson.tests/bin/release/net8.0/structuredjson.tests.dll" id="2eccfaea-d959-0f69-262d-ba092ccaa52d">
      <Execution id="5a68f4c3-4949-4bc9-be71-e11aed559f7d" />
      <TestMethod codeBase="repo/StructuredJson.Tests/bin/Release/net8.0/StructuredJson.Tests.dll" adapterTypeName="executor://xunit/VsTestRunner2/netcoreapp" className="StructuredJson.Tests.StructuredJsonTests" name="Constructor_InvalidJsonString_ThrowsArgumentException" />
    </UnitTest>
    <UnitTest name="StructuredJson.Tests.StructuredJsonEdgeCaseTests.DataTypes_DateTimeValues_HandlesCorrectly" storage="/users/ardaterekeci/structuredjson/structuredjson.tests/bin/release/net8.0/structuredjson.tests.dll" id="260161b9-8b39-34a1-6a77-2a1bf2870c3c">
      <Execution id="46650d4a-cc6d-4df3-a2fe-b112bb211e99" />
      <TestMethod codeBase="repo/StructuredJson.Tests/bin/Release/net8.0/StructuredJson.Tests.dll" adapterTypeName="executor://xunit/VsTestRunner2/netcoreapp" className="StructuredJson.Tests.StructuredJsonEdgeCaseTests" name="DataTypes_DateTimeValues_HandlesCorrectly" />
    </UnitTest>
    <UnitTest name="StructuredJson.Tests.StructuredJsonTests.ListPaths_ComplexStructure_ReturnsAllPaths" storage="/users/ardaterekeci/structuredjson/structuredjson.tests/bin/release/net8.0/structuredjson.tests.dll" id="b0d0a89c-ee92-3ca6-eeea-f90f8de0ba87">
      <Execution id="e121406b-4019-4e3a-a71a-82b510197e13" />
      <TestMethod codeBase="repo/StructuredJson.Tests/bin/Release/net8.0/StructuredJson.Tests.dll" adapterTypeName="executor://xunit/VsTestRunner2/netcoreapp" className="StructuredJson.Tests.StructuredJsonTests" name="ListPaths_ComplexStructure_ReturnsAllPaths" />
    </UnitTest>
    <UnitTest name="StructuredJson.Tests.StructuredJsonEdgeCaseTests.DataTypes_ComplexObjects_HandlesCorrectly" storage="/users/ardaterekeci/structuredjson/structuredjson.tests/bin/release/net8.0/structuredjson.tests.dll" id="c5364170-6ea9-a735-135c-d0ca82cb3556">
      <Execution id="36d37930-d5e4-422c-97d7-55bf4a7932b0" />
      <TestMethod codeBase="repo/StructuredJson.Tests/bin/Release/net8.0/StructuredJson.Tests.dll" adapterTypeName="executor://xunit/VsTestRunner2/netcoreapp" className="StructuredJson.Tests.StructuredJsonEdgeCaseTests" name="DataTypes_ComplexObjects_HandlesCorrectly" />
    </UnitTest>
    <UnitTest name="StructuredJson.Tests.StructuredJsonTests.JsonRoundTrip_ComplexStructure_MaintainsData" storage="/users/ardaterekeci/structuredjson/structuredjson.tests/bin/release/net8.0/structuredjson.tests.dll" id="ed789f75-2dcf-1a6f-7750-94dfe8f8a423">
      <Execution id="a7cd3be5-1d8f-4227-bf8d-045fbbb727fd" />
      <TestMethod codeBase="repo/StructuredJson.Tests/bin/Release/net8.0/StructuredJson.Tests.dll" adapterTypeName="executor://xunit/VsTestRunner2/netcoreapp" className="StructuredJson.Tests.StructuredJsonTests" name="JsonRoundTrip_ComplexStructure_MaintainsData" />
    </UnitTest>
    <UnitTest name="StructuredJson.Tests.StructuredJsonEdgeCaseTests.DataTypes_LargeNumbers_HandlesCorrectly" storage="/users/ardaterekeci/structuredjson/structuredjson.tests/bin/release/net8.0/structuredjson.tests.dll" id="e061eeb5-6a13-a0eb-9e7e-391108155353">
      <Execution id="e1f0515c-3b1b-4aab-a648-d62552de502e" />
      <TestMethod codeBase="repo/StructuredJson.Tests/bin/Release/net8.0/StructuredJson.Tests.dll" adapterTypeName="executor://xunit/VsTestRunner2/netcoreapp" className="StructuredJson.Tests.StructuredJsonEdgeCaseTests" name="DataTypes_LargeNumbers_HandlesCorrectly" />
    </UnitTest>
    <UnitTest name="StructuredJson.Tests.StructuredJsonTests.Set_ArrayProperty_CreatesArrayStructure" storage="/users/ardaterekeci/structuredjson/structuredjson.tests/bin/release/net8.0/structuredjson.tests.dll" id="4262a65e-de67-6dab-c1a7-1c74b67bd75f">
      <Execution id="8eade6cd-0087-4292-b93c-d9df61020be1" />
      <TestMethod codeBase="repo/StructuredJson.Tests/bin/Release/net8.0/StructuredJson.Tests.dll" adapterTypeName="executor://xunit/VsTestRunner2/netcoreapp" className="StructuredJson.Tests.StructuredJsonTests" name="Set_ArrayProperty_CreatesArrayStructure" />
    </UnitTest>
  </TestDefinitions>
  <TestEntries>
    <TestEntry testId="e2a1935b-6d2b-b58a-a4fa-f70c3d0d8ddb" executionId="7a6a8a89-b727-465d-8e7b-557b0fb5daad" testListId="8c84fa94-04c1-424b-9868-57a2d4851a1d" />
    <TestEntry testId="a62ea0d0-00ae-3635-0c80-d306d4968001" executionId="c9df74a4-d9b6-4fe8-bd6d-8da59a4b5359" testListId="8c84fa94-04c1-424b-9868-57a2d4851a1d" />
    <TestEntry testId="c5364170-6ea9-a735-135c-d0ca82cb3556" executionId="36d37930-d5e4-422c-97d7-55bf4a7932b0" testListId="8c84fa94-04c1-424b-9868-57a2d4851a1d" />
    <TestEntry testId="a14bb3ad-97b6-d535-8baf-73d14fd4b791" executionId="01686286-6b80-44a1-aff9-eb93e2180822" testListId="8c84fa94-04c1-424b-9868-57a2d4851a1d" />
    <TestEntry testId="71015e64-3ba4-e9e4-5527-f30cfc4e5f1d" executionId="908f279b-5624-4514-ada3-d9d7d4b7495b" testListId="8c84fa94-04c1-424b-9868-57a2d4851a1d" />
    <TestEntry testId="36a5b215-e9ec-c645-a655-891ff67ff6b6" executionId="5d99ecca-baaf-4e8e-a27a-b6510ac05b27" testListId="8c84fa94-04c1-424b-9868-57a2d4851a1d" />
    <TestEntry testId="d9c52179-8910-ca0f-f7c6-3683f5064169" executionId="f9753711-b513-4f22-b4a7-c3a79beceb9b" testListId="8c84fa94-04c1-424b-9868-57a2d4851a1d" />
    <TestEntry testId="be762d3a-1725-bd3e-bbc7-b7eec1c242f8" executionId="d0717ce2-0ad7-4d76-8ecb-bf7fc2a4f716" testListId="8c84fa94-04c1-424b-9868-57a2d4851a1d" />
    <TestEntry testId="6414f5ee-6d37-82bc-4eb2-7e05757f20b7" executionId="61efa2cf-75b3-4d5a-8618-7f6181f6ecdb" testListId="8c84fa94-04c1-424b-9868-57a2d4851a1d" />
    <TestEntry testId="3b9a4e20-fb0c-1cce-f122-e571c3198444" executionId="8d660016-68fc-4935-b772-2f85d9f3a1eb" testListId="8c84fa94-04c1-424b-9868-57a2d4851a1d" />
    <TestEntry testId="f9134992-03ce-f900-cd20-39aaca80af8d" executionId="3641148e-b518-432b-a3f3-2e392cbd37e8" testListId="8c84fa94-04c1-424b-9868-57a2d4851a1d" />
    <TestEntry testId="20c510a7-5248-fc36-74e7-605455f37208" executionId="7dadd8ba-6e48-4007-9e9a-8f64688a1ab2" testListId="8c84fa94-04c1-424b-9868-57a2d4851a1d" />
    <TestEntry testId="1e8a71fd-e6e8-717e-3877-746459172285" executionId="e7ff1672-d362-4762-ac86-a01be1806e9e" testListId="8c84fa94-04c1-424b-9868-57a2d4851a1d" />
    <TestEntry testId="7b25ee8f-49f9-6852-4b3c-e5a3bfac1eb5" executionId="3c79a233-6a75-4525-b99f-463397fc4855" testListId="8c84fa94-04c1-424b-9868-57a2d4851a1d" />
    <TestEntry testId="4262a65e-de67-6dab-c1a7-1c74b67bd75f" executionId="8eade6cd-0087-4292-b93c-d9df61020be1" testListId="8c84fa94-04c1-424b-9868-57a2d4851a1d" />
    <TestEntry testId="2eccfaea-d959-0f69-262d-ba092ccaa52d" executionId="5a68f4c3-4949-4bc9-be71-e11aed559f7d" testListId="8c84fa94-04c1-424b-9868-57a2d4851a1d" />
    <TestEntry testId="5a9ae6c6-86f8-c287-0eb3-7508cb61b6d9" executionId="e7c1e59f-e75a-49c6-b243-5f1d66efbbbc" testListId="8c84fa94-04c1-424b-9868-57a2d4851a1d" />
    <TestEntry testId="b93df99b-24c7-fdfe-e98d-9b34ecabfae9" executionId="0e7dd86c-bf37-4c3c-9feb-942e556ebc73" testListId="8c84fa94-04c1-424b-9868-57a2d4851a1d" />
    <TestEntry testId="613f9b87-6a44-587f-d9e6-a7cb8238f530" executionId="2878d46e-fb96-4e61-ba94-51a395deaa10" testListId="8c84fa94-04c1-424b-9868-57a2d4851a1d" />
    <TestEntry testId="1b938377-9ed3-454a-b27b-ad01b90e3d47" executionId="10dc00c9-8297-4486-8f1d-201b55d422d1" testListId="8c84fa94-04c1-424b-9868-57a2d4851a1d" />
    <TestEntry testId="823069dc-e30b-551a-c2d2-03ac23212032" executionId="39d73f36-00b1-427f-80c8-d1aabae4259c" testListId="8c84fa94-04c1-424b-9868-57a2d4851a1d" />
    <TestEntry testId="68d14aab-e609-c91c-cd52-ee41a6bab343" executionId="a588153f-8c3c-492e-a1b0-7e3d99dfe7c4" testListId="8c84fa94-04c1-424b-9868-57a2d4851a1d" />
    <TestEntry testId="8873b6c7-2bd7-2eb1-ba6c-62ff79bc15a7" executionId="40d255e8-2ac2-4809-8d82-0cbf2165b253" testListId="8c84fa94-04c1-424b-9868-57a2d4851a1d" />
    <TestEntry testId="fe702200-cf02-c246-ed7a-9482292e47c1" executionId="7e8476c0-95e8-426e-9ac3-74d33e00e900" testListId="8c84fa94-04c1-424b-9868-57a2d4851a1d" />
    <TestEntry testId="2579d7c8-4efb-93ed-2772-770327a83784" executionId="4725bbc6-d641-4141-9d28-b8e1d1c2d95e" testListId="8c84fa94-04c1-424b-9868-57a2d4851a1d" />
    <TestEntry testId="3cc555a8-5082-819a-04d7-ff46048544b5" executionId="286c8dba-af85-4801-8f7c-6d785bbb6553" testListId="8c84fa94-04c1-424b-9868-57a2d4851a1d" />
    <TestEntry testId="f8e9b055-0863-1e6b-03ef-088d591709cc" executionId="5a05e3f3-7a95-4a7e-a0d1-81b4bc472b04" testListId="8c84fa94-04c1-424b-9868-57a2d4851a1d" />
    <TestEntry testId="f408f557-6b6d-2024-9f5f-eff1794a2d02" executionId="5115ca12-141f-4a8d-ab56-15e233036a34" testListId="8c84fa94-04c1-424b-9868-57a2d4851a1d" />
    <TestEntry testId="2b0f11c5-6e8b-bd44-5f51-eba47d23d219" executionId="1783ff5e-3201-453e-b127-6531603af891" testListId="8c84fa94-04c1-424b-9868-57a2d4851a1d" />
    <TestEntry testId="a37ef308-5bf8-e5d3-d3ea-ff18ed1b8844" executionId="2bf74927-2162-44a3-b6ac-5ffd3014cf7c" testListId="8c84fa94-04c1-424b-9868-57a2d4851a1d" />
    <TestEntry testId="ed789f75-2dcf-1a6f-7750-94dfe8f8a423" executionId="a7cd3be5-1d8f-4227-bf8d-045fbbb727fd" testListId="8c84fa94-04c1-424b-9868-57a2d4851a1d" />
    <TestEntry testId="b0d0a89c-ee92-3ca6-eeea-f90f8de0ba87" executionId="e121406b-4019-4e3a-a71a-82b510197e13" testListId="8c84fa94-04c1-424b-9868-57a2d4851a1d" />
    <TestEntry testId="4796496a-da2d-8d25-03e0-1f904838d4f1" executionId="9c4495a8-3b18-40ae-8665-bd5547057c3a" testListId="8c84fa94-04c1-424b-9868-57a2d4851a1d" />
    <TestEntry testId="d61dcc8c-1d5d-c10f-7ac0-5439750e232f" executionId="f2ad61df-3024-4c35-a24e-83dc7fc47309" testListId="8c84fa94-04c1-424b-9868-57a2d4851a1d" />
    <TestEntry testId="812be9b7-0011-5dcd-ced1-048f51c12c48" executionId="3a4baf39-7890-4aac-bc5a-a26159d8afd0" testListId="8c84fa94-04c1-424b-9868-57a2d4851a1d" />
    <TestEntry testId="83d06e93-ce4e-9b35-7030-741131143ef1" executionId="24cd7d3d-d932-4fb3-a97b-4b460ebb71d5" testListId="8c84fa94-04c1-424b-9868-57a2d4851a1d" />
    <TestEntry testId="57f6fbf3-7375-0377-cf59-cfb90ad112d5" executionId="f35887cf-c715-43e0-a656-88b7924d1a91" testListId="8c84fa94-04c1-424b-9868-57a2d4851a1d" />
    <TestEntry testId="43ab37ad-648d-bf63-f40a-541fe12de137" executionId="98fe16aa-c359-42ff-be9c-5d3344d3059b" testListId="8c84fa94-04c1-424b-9868-57a2d4851a1d" />
    <TestEntry testId="89b733a2-4d9d-012c-d611-fb9f62464cd4" executionId="8acbc5dc-19d5-47cf-b9d3-936a41b00bf7" testListId="8c84fa94-04c1-424b-9868-57a2d4851a1d" />
    <TestEntry testId="6d294cc8-02f5-4abf-bf39-cc914fb13e48" executionId="70bf2644-9189-4922-ab42-e71068515419" testListId="8c84fa94-04c1-424b-9868-57a2d4851a1d" />
    <TestEntry testId="8031d8fd-8840-6dcf-1200-e9f6f183a876" executionId="6c21dded-d538-449a-bd6d-fa38b7582f7a" testListId="8c84fa94-04c1-424b-9868-57a2d4851a1d" />
    <TestEntry testId="6268c4c7-8692-6990-b28d-d0f059bb516d" executionId="3ee3a976-ee7d-4ac4-b297-70bc12b632d7" testListId="8c84fa94-04c1-424b-9868-57a2d4851a1d" />
    <TestEntry testId="bc7f1bdf-5eb6-b63b-f7eb-7b3e59ff1570" executionId="654d5e4c-eeb0-4428-bb92-3c6ed96bf1a0" testListId="8c84fa94-04c1-424b-9868-57a2d4851a1d" />
    <TestEntry testId="6361464d-672b-2929-3ddf-8b9b8cc21b24" executionId="0740f7b7-1692-4819-ad13-b8ab0ac70abb" testListId="8c84fa94-04c1-424b-9868-57a2d4851a1d" />
    <TestEntry testId="6646f4aa-33a4-20c4-ec7c-7c6fbce1cc0f" executionId="999550d2-af4c-475c-9d48-e122eeea8e2d" testListId="8c84fa94-04c1-424b-9868-57a2d4851a1d" />
    <TestEntry testId="1a8a52f1-c2de-ae4a-9a83-c623e51a5cf9" executionId="a4195e32-4c7d-4df5-b722-f39da3519ff2" testListId="8c84fa94-04c1-424b-9868-57a2d4851a1d" />
    <TestEntry testId="3615775b-391b-6d5a-21a7-be4374d1d6a9" executionId="ee8c8043-ee86-42e3-8913-a4b9cf827ec4" testListId="8c84fa94-04c1-424b-9868-57a2d4851a1d" />
    <TestEntry testId="260161b9-8b39-34a1-6a77-2a1bf2870c3c" executionId="46650d4a-cc6d-4df3-a2fe-b112bb211e99" testListId="8c84fa94-04c1-424b-9868-57a2d4851a1d" />
    <TestEntry testId="9d6ae6b4-f2a6-2a7e-afda-101b1997874a" executionId="fdcce083-a4b2-411f-b524-74be3987b4ff" testListId="8c84fa94-04c1-424b-9868-57a2d4851a1d" />
    <TestEntry testId="98de8aff-46c8-ae16-89ce-e13482b0534e" executionId="ddc2e9d2-3b13-4fa2-af95-3acdc3a7ad92" testListId="8c84fa94-04c1-424b-9868-57a2d4851a1d" />
    <TestEntry testId="e061eeb5-6a13-a0eb-9e7e-391108155353" executionId="e1f0515c-3b1b-4aab-a648-d62552de502e" testListId="8c84fa94-04c1-424b-9868-57a2d4851a1d" />
    <TestEntry testId="c244fab6-a47f-965c-bf8d-f634bba88a7b" executionId="944d596b-7733-4c4d-b375-df73b9855d67" testListId="8c84fa94-04c1-424b-9868-57a2d4851a1d" />
    <TestEntry testId="5f4e1794-3b3d-1ebc-f9e0-e699cece0f56" executionId="80365c9b-3e63-4984-a5f6-890ebfbe176f" testListId="8c84fa94-04c1-424b-9868-57a2d4851a1d" />
    <TestEntry testId="20424d61-925e-2455-031d-80fdccb19de4" executionId="5cb52f23-5178-41cd-a7e1-3845b4aeea3d" testListId="8c84fa94-04c1-424b-9868-57a2d4851a1d" />
    <TestEntry testId="82d375db-8060-25dd-5e3c-681ad0f22052" executionId="3fba3b4c-e735-4eed-9487-45659c99af4f" testListId="8c84fa94-04c1-424b-9868-57a2d4851a1d" />
    <TestEntry testId="925b4640-8b97-732a-a33b-006a589a9f35" executionId="241b5fb6-2164-48c9-9a2a-b08853d695c2" testListId="8c84fa94-04c1-424b-9868-57a2d4851a1d" />
    <TestEntry testId="2e619be2-f6c2-d976-c812-ecbf666b1242" executionId="f1b383d0-7c00-469a-80f4-8b9c6751fca7" testListId="8c84fa94-04c1-424b-9868-57a2d4851a1d" />
    <TestEntry testId="64f27c42-c33e-2479-ad45-713a7f7d3581" executionId="87f2f25d-10cf-4175-bf83-46dd6ba0ecac" testListId="8c84fa94-04c1-424b-9868-57a2d4851a1d" />
    <TestEntry testId="6ecf6d02-44fa-72cb-ec35-086e508b1d10" executionId="a16a7ed9-8028-4b52-a04d-52649f9ad99c" testListId="8c84fa94-04c1-424b-9868-57a2d4851a1d" />
    <TestEntry testId="65d1e315-1eee-a148-f39d-3118376b731a" executionId="83fb530b-ef75-4d38-bc21-c5d715440853" testListId="8c84fa94-04c1-424b-9868-57a2d4851a1d" />
    <TestEntry testId="2a123db7-08bb-8a02-7295-22b7d05ea4de" executionId="16eebfad-6f9d-45db-b47b-6793f63392a0" testListId="8c84fa94-04c1-424b-9868-57a2d4851a1d" />
    <TestEntry testId="75d71d72-fe8d-4d1e-88d7-14c8bc58648e" executionId="77df3a68-4301-42aa-8220-20cbcf72f9a1" testListId="8c84fa94-04c1-424b-9868-57a2d4851a1d" />
    <TestEntry testId="b0262c57-20fc-def1-3286-9209da465580" executionId="f2b9b754-8aba-46d3-9eab-b2b5324bff65" testListId="8c84fa94-04c1-424b-9868-57a2d4851a1d" />
    <TestEntry testId="31080281-9cce-4654-40a4-7ab98da7fe39" executionId="8aad6aa1-fc3b-4baf-8da7-f8f41d1e0ce1" testListId="8c84fa94-04c1-424b-9868-57a2d4851a1d" />
    <TestEntry testId="13f6e452-275b-3a73-9edf-dae5fbf17a78" executionId="67b55e00-1604-4150-bf4a-183fd4d1e356" testListId="8c84fa94-04c1-424b-9868-57a2d4851a1d" />
    <TestEntry testId="470ce699-6eea-155d-9c4b-3e9e5291b605" executionId="1fc46d52-5b2e-459c-931d-d7739a025ce5" testListId="8c84fa94-04c1-424b-9868-57a2d4851a1d" />
  </TestEntries>
  <TestLists>
    <TestList name="Results Not in a List" id="8c84fa94-04c1-424b-9868-57a2d4851a1d" />
    <TestList name="All Loaded Results" id="19431567-8539-422a-85d7-44ee4e166bda" />
  </TestLists>
  <ResultSummary outcome="Completed">
    <Counters total="66" executed="66" passed="66" failed="0" error="0" timeout="0" aborted="0" inconclusive="0" passedButRunAborted="0" notRunnable="0" notExecuted="0" disconnected="0" warning="0" completed="0" inProgress="0" pending="0" />
    <Output>
      <StdOut>[xUnit.net 00:00:00.00] xUnit.net VSTest Adapter v2.5.3.1+6b60a9e56a (64-bit .NET 8.0.4)
[xUnit.net 00:00:00.03]   Discovering: StructuredJson.Tests
[xUnit.net 00:00:00.05]   Discovered:  StructuredJson.Tests
[xUnit.net 00:00:00.05]   Starting:    StructuredJson.Tests
[xUnit.net 00:00:00.18]   Finished:    StructuredJson.Tests
</StdOut>
    </Output>
    <CollectorDataEntries>
      <Collector agentName="audit-host" uri="datacollector://microsoft/CoverletCodeCoverage/1.0" collectorDisplayName="XPlat code coverage">
        <UriAttachments>
          <UriAttachment>
            <A href="audit-host/coverage.cobertura.xml"></A>
          </UriAttachment>
        </UriAttachments>
      </Collector>
    </CollectorDataEntries>
  </ResultSummary>
</TestRun>